Component: ARM Compiler 5.06 update 6 (build 750) Tool: armlink [4d35ed]

==============================================================================

Section Cross References

    main.o(i.key_task) refers to _printf_percent.o(.ARM.Collect$$_printf_percent$$00000000) for _printf_percent
    main.o(i.key_task) refers to _printf_d.o(.ARM.Collect$$_printf_percent$$00000009) for _printf_d
    main.o(i.key_task) refers to _printf_dec.o(.text) for _printf_int_dec
    main.o(i.key_task) refers to noretval__2printf.o(.text) for __2printf
    main.o(i.key_task) refers to tasks.o(i.vTaskDelay) for vTaskDelay
    main.o(i.key_task) refers to main.o(.data) for .data
    main.o(i.main) refers to misc.o(i.NVIC_PriorityGroupConfig) for NVIC_PriorityGroupConfig
    main.o(i.main) refers to delay.o(i.delay_init) for delay_init
    main.o(i.main) refers to usart.o(i.uart_init) for uart_init
    main.o(i.main) refers to led.o(i.LED_Init) for LED_Init
    main.o(i.main) refers to beep.o(i.BEEP_Init) for BEEP_Init
    main.o(i.main) refers to lcd.o(i.LCD_Init) for LCD_Init
    main.o(i.main) refers to exti.o(i.EXTI_Key_Init) for EXTI_Key_Init
    main.o(i.main) refers to tasks.o(i.xTaskCreate) for xTaskCreate
    main.o(i.main) refers to tasks.o(i.vTaskStartScheduler) for vTaskStartScheduler
    main.o(i.main) refers to main.o(.data) for .data
    main.o(i.main) refers to main.o(i.start_task) for start_task
    main.o(i.query_task) refers to _printf_percent.o(.ARM.Collect$$_printf_percent$$00000000) for _printf_percent
    main.o(i.query_task) refers to _printf_d.o(.ARM.Collect$$_printf_percent$$00000009) for _printf_d
    main.o(i.query_task) refers to _printf_dec.o(.text) for _printf_int_dec
    main.o(i.query_task) refers to tasks.o(i.uxTaskGetStackHighWaterMark) for uxTaskGetStackHighWaterMark
    main.o(i.query_task) refers to noretval__2printf.o(.text) for __2printf
    main.o(i.query_task) refers to tasks.o(i.vTaskDelay) for vTaskDelay
    main.o(i.query_task) refers to main.o(.data) for .data
    main.o(i.start_task) refers to port.o(i.vPortEnterCritical) for vPortEnterCritical
    main.o(i.start_task) refers to queue.o(i.xQueueGenericCreate) for xQueueGenericCreate
    main.o(i.start_task) refers to noretval__2printf.o(.text) for __2printf
    main.o(i.start_task) refers to tasks.o(i.xTaskCreate) for xTaskCreate
    main.o(i.start_task) refers to tasks.o(i.vTaskDelete) for vTaskDelete
    main.o(i.start_task) refers to port.o(i.vPortExitCritical) for vPortExitCritical
    main.o(i.start_task) refers to main.o(.data) for .data
    main.o(i.start_task) refers to main.o(i.key_task) for key_task
    main.o(i.start_task) refers to main.o(i.task1_display) for task1_display
    main.o(i.start_task) refers to main.o(i.query_task) for query_task
    main.o(i.start_task) refers to main.o(i.task3_get_data) for task3_get_data
    main.o(i.start_task) refers to main.o(i.task4_Alarm) for task4_Alarm
    main.o(i.task1_display) refers to queue.o(i.xQueueGenericReceive) for xQueueGenericReceive
    main.o(i.task1_display) refers to lcd.o(i.LCD_Clear) for LCD_Clear
    main.o(i.task1_display) refers to lcd.o(i.LCD_ShowString) for LCD_ShowString
    main.o(i.task1_display) refers to number.o(i.Show_number) for Show_number
    main.o(i.task1_display) refers to number.o(i.Trans_number) for Trans_number
    main.o(i.task1_display) refers to lcd.o(i.LCD_DrawRectangle) for LCD_DrawRectangle
    main.o(i.task1_display) refers to tasks.o(i.vTaskDelay) for vTaskDelay
    main.o(i.task1_display) refers to lcd.o(.data) for POINT_COLOR
    main.o(i.task1_display) refers to main.o(.data) for .data
    main.o(i.task3_get_data) refers to dht22.o(i.DHT22_Read_Data) for DHT22_Read_Data
    main.o(i.task3_get_data) refers to queue.o(i.xQueueGenericSend) for xQueueGenericSend
    main.o(i.task3_get_data) refers to tasks.o(i.vTaskDelay) for vTaskDelay
    main.o(i.task3_get_data) refers to main.o(.data) for .data
    main.o(i.task4_Alarm) refers to queue.o(i.xQueueGenericReceive) for xQueueGenericReceive
    main.o(i.task4_Alarm) refers to fflt_clz.o(x$fpl$fflt) for __aeabi_i2f
    main.o(i.task4_Alarm) refers to fleqf.o(x$fpl$fleqf) for __aeabi_cfcmple
    main.o(i.task4_Alarm) refers to frleqf.o(x$fpl$frleqf) for __aeabi_cfrcmple
    main.o(i.task4_Alarm) refers to queue.o(i.xQueueGenericSend) for xQueueGenericSend
    main.o(i.task4_Alarm) refers to tasks.o(i.vTaskDelay) for vTaskDelay
    main.o(i.task4_Alarm) refers to main.o(.data) for .data
    system_stm32f10x.o(i.SystemCoreClockUpdate) refers to system_stm32f10x.o(.data) for .data
    system_stm32f10x.o(i.SystemInit) refers to system_stm32f10x.o(i.SetSysClockTo72) for SetSysClockTo72
    led.o(i.LED_Init) refers to stm32f10x_rcc.o(i.RCC_APB2PeriphClockCmd) for RCC_APB2PeriphClockCmd
    led.o(i.LED_Init) refers to stm32f10x_gpio.o(i.GPIO_Init) for GPIO_Init
    led.o(i.LED_Init) refers to stm32f10x_gpio.o(i.GPIO_SetBits) for GPIO_SetBits
[...]
    i._sys_exit                              0x08003f70   Section        0  usart.o(i._sys_exit)
    i.delay_init                             0x08003f74   Section        0  delay.o(i.delay_init)
    i.delay_ms                               0x08003fbc   Section        0  delay.o(i.delay_ms)
    i.delay_us                               0x08003ff4   Section        0  delay.o(i.delay_us)
    i.fputc                                  0x08004028   Section        0  usart.o(i.fputc)
    i.key_task                               0x08004040   Section        0  main.o(i.key_task)
    i.main                                   0x0800412c   Section        0  main.o(i.main)
    i.prvAddCurrentTaskToDelayedList         0x08004184   Section        0  tasks.o(i.prvAddCurrentTaskToDelayedList)
    prvAddCurrentTaskToDelayedList           0x08004185   Thumb Code   102  tasks.o(i.prvAddCurrentTaskToDelayedList)
    i.prvAddNewTaskToReadyList               0x080041f4   Section        0  tasks.o(i.prvAddNewTaskToReadyList)
    prvAddNewTaskToReadyList                 0x080041f5   Thumb Code   192  tasks.o(i.prvAddNewTaskToReadyList)
    i.prvCheckForValidListAndQueue           0x080042c4   Section        0  timers.o(i.prvCheckForValidListAndQueue)
    prvCheckForValidListAndQueue             0x080042c5   Thumb Code    62  timers.o(i.prvCheckForValidListAndQueue)
    i.prvCheckTasksWaitingTermination        0x08004314   Section        0  tasks.o(i.prvCheckTasksWaitingTermination)
    prvCheckTasksWaitingTermination          0x08004315   Thumb Code    74  tasks.o(i.prvCheckTasksWaitingTermination)
    i.prvCopyDataFromQueue                   0x08004368   Section        0  queue.o(i.prvCopyDataFromQueue)
    prvCopyDataFromQueue                     0x08004369   Thumb Code    38  queue.o(i.prvCopyDataFromQueue)
    i.prvCopyDataToQueue                     0x0800438e   Section        0  queue.o(i.prvCopyDataToQueue)
    prvCopyDataToQueue                       0x0800438f   Thumb Code   108  queue.o(i.prvCopyDataToQueue)
    i.prvDeleteTCB                           0x080043fa   Section        0  tasks.o(i.prvDeleteTCB)
    prvDeleteTCB                             0x080043fb   Thumb Code    20  tasks.o(i.prvDeleteTCB)
    i.prvHeapInit                            0x08004410   Section        0  heap_4.o(i.prvHeapInit)
    prvHeapInit                              0x08004411   Thumb Code    66  heap_4.o(i.prvHeapInit)
    i.prvIdleTask                            0x0800445c   Section        0  tasks.o(i.prvIdleTask)
    prvIdleTask                              0x0800445d   Thumb Code    30  tasks.o(i.prvIdleTask)
    i.prvInitialiseNewTask                   0x08004484   Section        0  tasks.o(i.prvInitialiseNewTask)
    prvInitialiseNewTask                     0x08004485   Thumb Code   154  tasks.o(i.prvInitialiseNewTask)
    i.prvInsertBlockIntoFreeList             0x08004544   Section        0  heap_4.o(i.prvInsertBlockIntoFreeList)
    prvInsertBlockIntoFreeList               0x08004545   Thumb Code    72  heap_4.o(i.prvInsertBlockIntoFreeList)
    i.prvInsertTimerInActiveList             0x08004590   Section        0  timers.o(i.prvInsertTimerInActiveList)
    prvInsertTimerInActiveList               0x08004591   Thumb Code    52  timers.o(i.prvInsertTimerInActiveList)
    i.prvIsQueueEmpty                        0x080045c8   Section        0  queue.o(i.prvIsQueueEmpty)
    prvIsQueueEmpty                          0x080045c9   Thumb Code    26  queue.o(i.prvIsQueueEmpty)
    i.prvNotifyQueueSetContainer             0x080045e4   Section        0  queue.o(i.prvNotifyQueueSetContainer)
    prvNotifyQueueSetContainer               0x080045e5   Thumb Code   108  queue.o(i.prvNotifyQueueSetContainer)
    i.prvProcessExpiredTimer                 0x08004674   Section        0  timers.o(i.prvProcessExpiredTimer)
    prvProcessExpiredTimer                   0x08004675   Thumb Code    86  timers.o(i.prvProcessExpiredTimer)
    i.prvProcessReceivedCommands             0x080046d4   Section        0  timers.o(i.prvProcessReceivedCommands)
    prvProcessReceivedCommands               0x080046d5   Thumb Code   196  timers.o(i.prvProcessReceivedCommands)
    i.prvProcessTimerOrBlockTask             0x080047c4   Section        0  timers.o(i.prvProcessTimerOrBlockTask)
    prvProcessTimerOrBlockTask               0x080047c5   Thumb Code    98  timers.o(i.prvProcessTimerOrBlockTask)
    i.prvResetNextTaskUnblockTime            0x08004830   Section        0  tasks.o(i.prvResetNextTaskUnblockTime)
    prvResetNextTaskUnblockTime              0x08004831   Thumb Code    26  tasks.o(i.prvResetNextTaskUnblockTime)
    i.prvSampleTimeNow                       0x08004850   Section        0  timers.o(i.prvSampleTimeNow)
    prvSampleTimeNow                         0x08004851   Thumb Code    36  timers.o(i.prvSampleTimeNow)
    i.prvSwitchTimerLists                    0x08004878   Section        0  timers.o(i.prvSwitchTimerLists)
    prvSwitchTimerLists                      0x08004879   Thumb Code   100  timers.o(i.prvSwitchTimerLists)
    i.prvTaskCheckFreeStackSpace             0x080048e4   Section        0  tasks.o(i.prvTaskCheckFreeStackSpace)
    prvTaskCheckFreeStackSpace               0x080048e5   Thumb Code    20  tasks.o(i.prvTaskCheckFreeStackSpace)
    i.prvTaskExitError                       0x080048f8   Section        0  port.o(i.prvTaskExitError)
    prvTaskExitError                         0x080048f9   Thumb Code    34  port.o(i.prvTaskExitError)
    i.prvTimerTask                           0x0800495c   Section        0  timers.o(i.prvTimerTask)
    prvTimerTask                             0x0800495d   Thumb Code    34  timers.o(i.prvTimerTask)
    i.prvUnlockQueue                         0x08004984   Section        0  queue.o(i.prvUnlockQueue)
    prvUnlockQueue                           0x08004985   Thumb Code   120  queue.o(i.prvUnlockQueue)
    i.pvPortMalloc                           0x080049fc   Section        0  heap_4.o(i.pvPortMalloc)
    i.pvTaskIncrementMutexHeldCount          0x08004b10   Section        0  tasks.o(i.pvTaskIncrementMutexHeldCount)
    i.pxPortInitialiseStack                  0x08004b28   Section        0  port.o(i.pxPortInitialiseStack)
    i.query_task                             0x08004b4c   Section        0  main.o(i.query_task)
    i.start_task                             0x08004c8c   Section        0  main.o(i.start_task)
    i.task1_display                          0x08004e50   Section        0  main.o(i.task1_display)
    i.task3_get_data                         0x080051f0   Section        0  main.o(i.task3_get_data)
    i.task4_Alarm                            0x0800521c   Section        0  main.o(i.task4_Alarm)
    i.uart_init                              0x0800529c   Section        0  usart.o(i.uart_init)
    i.uxListRemove                           0x08005340   Section        0  list.o(i.uxListRemove)
    i.uxTaskGetStackHighWaterMark            0x08005364   Section        0  tasks.o(i.uxTaskGetStackHighWaterMark)
    i.vListInitialise                        0x08005374   Section        0  list.o(i.vListInitialise)
    i.vListInitialiseItem                    0x0800538a   Section        0  list.o(i.vListInitialiseItem)
    i.vListInsert                            0x08005390   Section        0  list.o(i.vListInsert)
    i.vListInsertEnd                         0x080053c0   Section        0  list.o(i.vListInsertEnd)
    i.vPortEnterCritical                     0x080053d8   Section        0  port.o(i.vPortEnterCritical)
    i.vPortExitCritical                      0x08005450   Section        0  port.o(i.vPortExitCritical)
    i.vPortFree                              0x080054b4   Section        0  heap_4.o(i.vPortFree)
    i.vPortSetupTimerInterrupt               0x08005550   Section        0  port.o(i.vPortSetupTimerInterrupt)
    i.vPortValidateInterruptPriority         0x08005570   Section        0  port.o(i.vPortValidateInterruptPriority)
    i.vQueueAddToRegistry                    0x080055fc   Section        0  queue.o(i.vQueueAddToRegistry)
    i.vQueueWaitForMessageRestricted         0x08005620   Section        0  queue.o(i.vQueueWaitForMessageRestricted)
    i.vTaskDelay                             0x08005664   Section        0  tasks.o(i.vTaskDelay)
    i.vTaskDelete                            0x080056d0   Section        0  tasks.o(i.vTaskDelete)
    i.vTaskMissedYield                       0x0800579c   Section        0  tasks.o(i.vTaskMissedYield)
    i.vTaskPlaceOnEventList                  0x080057a8   Section        0  tasks.o(i.vTaskPlaceOnEventList)
    i.vTaskPlaceOnEventListRestricted        0x080057fc   Section        0  tasks.o(i.vTaskPlaceOnEventListRestricted)
    i.vTaskPriorityInherit                   0x08005858   Section        0  tasks.o(i.vTaskPriorityInherit)
    i.vTaskSetTimeOutState                   0x080058dc   Section        0  tasks.o(i.vTaskSetTimeOutState)
    i.vTaskStartScheduler                    0x08005924   Section        0  tasks.o(i.vTaskStartScheduler)
    i.vTaskSuspendAll                        0x080059b8   Section        0  tasks.o(i.vTaskSuspendAll)
    i.vTaskSwitchContext                     0x080059c8   Section        0  tasks.o(i.vTaskSwitchContext)
    i.xPortStartScheduler                    0x08005a44   Section        0  port.o(i.xPortStartScheduler)
    i.xPortSysTickHandler                    0x08005abc   Section        0  port.o(i.xPortSysTickHandler)
    i.xQueueGenericCreate                    0x08005ae8   Section        0  queue.o(i.xQueueGenericCreate)
    i.xQueueGenericReceive                   0x08005b60   Section        0  queue.o(i.xQueueGenericReceive)
    i.xQueueGenericReset                     0x08005ce4   Section        0  queue.o(i.xQueueGenericReset)
    i.xQueueGenericSend                      0x08005d8c   Section        0  queue.o(i.xQueueGenericSend)
    i.xQueueGenericSendFromISR               0x08005f14   Section        0  queue.o(i.xQueueGenericSendFromISR)
    i.xTaskCheckForTimeOut                   0x08005ff4   Section        0  tasks.o(i.xTaskCheckForTimeOut)
    i.xTaskCreate                            0x0800607c   Section        0  tasks.o(i.xTaskCreate)
    i.xTaskGetSchedulerState                 0x080060d4   Section        0  tasks.o(i.xTaskGetSchedulerState)
    i.xTaskGetTickCount                      0x080060f0   Section        0  tasks.o(i.xTaskGetTickCount)
    i.xTaskIncrementTick                     0x080060fc   Section        0  tasks.o(i.xTaskIncrementTick)
    i.xTaskPriorityDisinherit                0x080061e4   Section        0  tasks.o(i.xTaskPriorityDisinherit)
    i.xTaskRemoveFromEventList               0x08006298   Section        0  tasks.o(i.xTaskRemoveFromEventList)
    i.xTaskResumeAll                         0x08006330   Section        0  tasks.o(i.xTaskResumeAll)
    i.xTimerCreate                           0x08006414   Section        0  timers.o(i.xTimerCreate)
    i.xTimerCreateTimerTask                  0x08006488   Section        0  timers.o(i.xTimerCreateTimerTask)
    i.xTimerGenericCommand                   0x080064fc   Section        0  timers.o(i.xTimerGenericCommand)
    x$fpl$fadd                               0x0800658c   Section      196  faddsub_clz.o(x$fpl$fadd)
    _fadd1                                   0x0800659b   Thumb Code     0  faddsub_clz.o(x$fpl$fadd)
    x$fpl$fcmpinf                            0x08006650   Section       24  fcmpi.o(x$fpl$fcmpinf)
    x$fpl$fdiv                               0x08006668   Section      388  fdiv.o(x$fpl$fdiv)
    _fdiv1                                   0x08006669   Thumb Code     0  fdiv.o(x$fpl$fdiv)
    x$fpl$ffix                               0x080067ec   Section       54  ffix.o(x$fpl$ffix)
    x$fpl$fflt                               0x08006824   Section       48  fflt_clz.o(x$fpl$fflt)
    x$fpl$ffltu                              0x08006854   Section       38  fflt_clz.o(x$fpl$ffltu)
    x$fpl$fleqf                              0x0800687c   Section      104  fleqf.o(x$fpl$fleqf)
    x$fpl$fmul                               0x080068e4   Section      258  fmul.o(x$fpl$fmul)
    x$fpl$fnaninf                            0x080069e6   Section      140  fnaninf.o(x$fpl$fnaninf)
    x$fpl$fretinf                            0x08006a72   Section       10  fretinf.o(x$fpl$fretinf)
    x$fpl$frleqf                             0x08006a7c   Section       98  frleqf.o(x$fpl$frleqf)
    x$fpl$frsb                               0x08006ade   Section       20  faddsub_clz.o(x$fpl$frsb)
    x$fpl$fsub                               0x08006af4   Section      234  faddsub_clz.o(x$fpl$fsub)
    _fsub1                                   0x08006b03   Thumb Code     0  faddsub_clz.o(x$fpl$fsub)
    .constdata                               0x08006bde   Section     2660  lcd.o(.constdata)
    x$fpl$usenofp                            0x08006bde   Section        0  usenofp.o(x$fpl$usenofp)
    .constdata                               0x08007642   Section       40  _printf_hex_int.o(.constdata)
    uc_hextab                                0x08007642   Data          20  _printf_hex_int.o(.constdata)
    lc_hextab                                0x08007656   Data          20  _printf_hex_int.o(.constdata)
    .constdata                               0x0800766a   Section       17  __printf_flags_wp.o(.constdata)
    maptable                                 0x0800766a   Data          17  __printf_flags_wp.o(.constdata)
    .data                                    0x20000000   Section      106  main.o(.data)
    .data                                    0x2000006c   Section       20  system_stm32f10x.o(.data)
    .data                                    0x20000080   Section        4  lcd.o(.data)
    .data                                    0x20000084   Section        4  delay.o(.data)
    fac_us                                   0x20000084   Data           1  delay.o(.data)
    fac_ms                                   0x20000086   Data           2  delay.o(.data)
    .data                                    0x20000088   Section        2  usart.o(.data)
    .data                                    0x2000008c   Section        4  usart.o(.data)
    .data                                    0x20000090   Section       20  stm32f10x_rcc.o(.data)
    ADCPrescTable                            0x20000090   Data           4  stm32f10x_rcc.o(.data)
    APBAHBPrescTable                         0x20000094   Data          16  stm32f10x_rcc.o(.data)
    .data                                    0x200000a4   Section       60  tasks.o(.data)
    uxDeletedTasksWaitingCleanUp             0x200000a8   Data           4  tasks.o(.data)
    uxCurrentNumberOfTasks                   0x200000ac   Data           4  tasks.o(.data)
    xTickCount                               0x200000b0   Data           4  tasks.o(.data)
    uxTopReadyPriority                       0x200000b4   Data           4  tasks.o(.data)
    xSchedulerRunning                        0x200000b8   Data           4  tasks.o(.data)
    uxPendedTicks                            0x200000bc   Data           4  tasks.o(.data)
    xYieldPending                            0x200000c0   Data           4  tasks.o(.data)
    xNumOfOverflows                          0x200000c4   Data           4  tasks.o(.data)
    uxTaskNumber                             0x200000c8   Data           4  tasks.o(.data)
    xNextTaskUnblockTime                     0x200000cc   Data           4  tasks.o(.data)
    xIdleTaskHandle                          0x200000d0   Data           4  tasks.o(.data)
    uxSchedulerSuspended                     0x200000d4   Data           4  tasks.o(.data)
    pxDelayedTaskList                        0x200000d8   Data           4  tasks.o(.data)
    pxOverflowDelayedTaskList                0x200000dc   Data           4  tasks.o(.data)
    .data                                    0x200000e0   Section       20  timers.o(.data)
    xTimerQueue                              0x200000e0   Data           4  timers.o(.data)
    xTimerTaskHandle                         0x200000e4   Data           4  timers.o(.data)
    xLastTime                                0x200000e8   Data           4  timers.o(.data)
    pxCurrentTimerList                       0x200000ec   Data           4  timers.o(.data)
    pxOverflowTimerList                      0x200000f0   Data           4  timers.o(.data)
    .data                                    0x200000f4   Section       24  heap_4.o(.data)
    pxEnd                                    0x200000f4   Data           4  heap_4.o(.data)
    xFreeBytesRemaining                      0x200000f8   Data           4  heap_4.o(.data)
    xMinimumEverFreeBytesRemaining           0x200000fc   Data           4  heap_4.o(.data)
    xBlockAllocatedBit                       0x20000100   Data           4  heap_4.o(.data)
    xStart                                   0x20000104   Data           8  heap_4.o(.data)
    .data                                    0x2000010c   Section       12  port.o(.data)
    ucMaxSysCallPriority                     0x2000010c   Data           1  port.o(.data)
    uxCriticalNesting                        0x20000110   Data           4  port.o(.data)
    ulMaxPRIGROUPValue                       0x20000114   Data           4  port.o(.data)
    .bss                                     0x20000118   Section       14  lcd.o(.bss)
    .bss                                     0x20000126   Section      200  usart.o(.bss)
    .bss                                     0x200001f0   Section       64  queue.o(.bss)
    .bss                                     0x20000230   Section      740  tasks.o(.bss)
    pxReadyTasksLists                        0x20000230   Data         640  tasks.o(.bss)
    xDelayedTaskList1                        0x200004b0   Data          20  tasks.o(.bss)
    xDelayedTaskList2                        0x200004c4   Data          20  tasks.o(.bss)
    xPendingReadyList                        0x200004d8   Data          20  tasks.o(.bss)
    xTasksWaitingTermination                 0x200004ec   Data          20  tasks.o(.bss)
    xSuspendedTaskList                       0x20000500   Data          20  tasks.o(.bss)
    .bss                                     0x20000514   Section       40  timers.o(.bss)
    xActiveTimerList1                        0x20000514   Data          20  timers.o(.bss)
    xActiveTimerList2                        0x20000528   Data          20  timers.o(.bss)
    .bss                                     0x2000053c   Section    20480  heap_4.o(.bss)
    ucHeap                                   0x2000053c   Data       20480  heap_4.o(.bss)
    .bss                                     0x2000553c   Section       96  libspace.o(.bss)
    HEAP                                     0x200055a0   Section      512  startup_stm32f10x_hd.o(HEAP)
    Heap_Mem                                 0x200055a0   Data         512  startup_stm32f10x_hd.o(HEAP)
    STACK                                    0x200057a0   Section     1024  startup_stm32f10x_hd.o(STACK)
    Stack_Mem                                0x200057a0   Data        1024  startup_stm32f10x_hd.o(STACK)
    __initial_sp                             0x20005ba0   Data           0  startup_stm32f10x_hd.o(STACK)

    Global Symbols

    Symbol Name                              Value     Ov Type        Size  Object(Section)

    BuildAttributes$$THM_ISAv4$P$D$K$B$S$PE$A:L22UL41UL21$X:L11$S22US41US21$IEEE1$IW$USESV6$~STKCKD$USESV7$~SHL$OSPACE$ROPI$EBA8$UX$STANDARDLIB$REQ8$PRES8$EABIv2 0x00000000   Number         0  anon$$obj.o ABSOLUTE
    __ARM_use_no_argv                        0x00000000   Number         0  main.o ABSOLUTE
    _printf_flags                            0x00000000   Number         0  printf_stubs.o ABSOLUTE
    _printf_return_value                     0x00000000   Number         0  printf_stubs.o ABSOLUTE
    _printf_sizespec                         0x00000000   Number         0  printf_stubs.o ABSOLUTE
    _printf_widthprec                        0x00000000   Number         0  printf_stubs.o ABSOLUTE
    __ARM_exceptions_init                     - Undefined Weak Reference
    __alloca_initialize                       - Undefined Weak Reference
    __arm_preinit_                            - Undefined Weak Reference
    __cpp_initialize__aeabi_                  - Undefined Weak Reference
    __cxa_finalize                            - Undefined Weak Reference
    __rt_locale                               - Undefined Weak Reference
    __sigvec_lookup                           - Undefined Weak Reference
    _atexit_init                              - Undefined Weak Reference
    _call_atexit_fns                          - Undefined Weak Reference
    _clock_init                               - Undefined Weak Reference
    _fp_trap_init                             - Undefined Weak Reference
    _fp_trap_shutdown                         - Undefined Weak Reference
    _get_lc_collate                           - Undefined Weak Reference
    _get_lc_ctype                             - Undefined Weak Reference
    _get_lc_monetary                          - Undefined Weak Reference
    _get_lc_numeric                           - Undefined Weak Reference
    _get_lc_time                              - Undefined Weak Reference
    _getenv_init                              - Undefined Weak Reference
    _handle_redirection                       - Undefined Weak Reference
    _init_alloc                               - Undefined Weak Reference
    _init_user_alloc                          - Undefined Weak Reference
    _initio                                   - Undefined Weak Reference
    _mutex_acquire                            - Undefined Weak Reference
    _mutex_release                            - Undefined Weak Reference
    _printf_mbtowc                            - Undefined Weak Reference
    _printf_post_padding                      - Undefined Weak Reference
    _printf_pre_padding                       - Undefined Weak Reference
    _printf_truncate_signed                   - Undefined Weak Reference
    _printf_truncate_unsigned                 - Undefined Weak Reference
    _rand_init                                - Undefined Weak Reference
    _signal_finish                            - Undefined Weak Reference
    _signal_init                              - Undefined Weak Reference
    _terminate_alloc                          - Undefined Weak Reference
    _terminate_user_alloc                     - Undefined Weak Reference
    _terminateio                              - Undefined Weak Reference
    __Vectors_Size                           0x00000130   Number         0  startup_stm32f10x_hd.o ABSOLUTE
    __Vectors                                0x08000000   Data           4  startup_stm32f10x_hd.o(RESET)
    __Vectors_End                            0x08000130   Data           0  startup_stm32f10x_hd.o(RESET)
    __main                                   0x08000131   Thumb Code     8  __main.o(!!!main)
    __scatterload                            0x08000139   Thumb Code     0  __scatter.o(!!!scatter)
    __scatterload_rt2                        0x08000139   Thumb Code    44  __scatter.o(!!!scatter)
    __scatterload_rt2_thumb_only             0x08000139   Thumb Code     0  __scatter.o(!!!scatter)
    __scatterload_null                       0x08000147   Thumb Code     0  __scatter.o(!!!scatter)
    __scatterload_copy                       0x0800016d   Thumb Code    26  __scatter_copy.o(!!handler_copy)
    __scatterload_zeroinit                   0x08000189   Thumb Code    28  __scatter_zi.o(!!handler_zi)
    _printf_d                                0x080001a5   Thumb Code     0  _printf_d.o(.ARM.Collect$$_printf_percent$$00000009)
    _printf_percent                          0x080001a5   Thumb Code     0  _printf_percent.o(.ARM.Collect$$_printf_percent$$00000000)
    _printf_x                                0x080001ab   Thumb Code     0  _printf_x.o(.ARM.Collect$$_printf_percent$$0000000C)
    _printf_s                                0x080001b1   Thumb Code     0  _printf_s.o(.ARM.Collect$$_printf_percent$$00000014)
    _printf_percent_end                      0x080001b7   Thumb Code     0  _printf_percent_end.o(.ARM.Collect$$_printf_percent$$00000017)
    __rt_lib_init                            0x080001bb   Thumb Code     0  libinit.o(.ARM.Collect$$libinit$$00000000)
    __rt_lib_init_alloca_1                   0x080001bd   Thumb Code     0  libinit2.o(.ARM.Collect$$libinit$$0000002E)
    __rt_lib_init_argv_1                     0x080001bd   Thumb Code     0  libinit2.o(.ARM.Collect$$libinit$$0000002C)
    __rt_lib_init_atexit_1                   0x080001bd   Thumb Code     0  libinit2.o(.ARM.Collect$$libinit$$0000001B)
    __rt_lib_init_clock_1                    0x080001bd   Thumb Code     0  libinit2.o(.ARM.Collect$$libinit$$00000021)
    __rt_lib_init_cpp_1                      0x080001bd   Thumb Code     0  libinit2.o(.ARM.Collect$$libinit$$00000032)
    __rt_lib_init_exceptions_1               0x080001bd   Thumb Code     0  libinit2.o(.ARM.Collect$$libinit$$00000030)
    __rt_lib_init_fp_1                       0x080001bd   Thumb Code     0  libinit2.o(.ARM.Collect$$libinit$$00000002)
    __rt_lib_init_fp_trap_1                  0x080001bd   Thumb Code     0  libinit2.o(.ARM.Collect$$libinit$$0000001F)
    __rt_lib_init_getenv_1                   0x080001bd   Thumb Code     0  libinit2.o(.ARM.Collect$$libinit$$00000023)
    __rt_lib_init_heap_1                     0x080001bd   Thumb Code     0  libinit2.o(.ARM.Collect$$libinit$$0000000A)
    __rt_lib_init_lc_collate_1               0x080001bd   Thumb Code     0  libinit2.o(.ARM.Collect$$libinit$$00000011)
    __rt_lib_init_lc_ctype_1                 0x080001bd   Thumb Code     0  libinit2.o(.ARM.Collect$$libinit$$00000013)
    __rt_lib_init_lc_monetary_1              0x080001bd   Thumb Code     0  libinit2.o(.ARM.Collect$$libinit$$00000015)
    __rt_lib_init_lc_numeric_1               0x080001bd   Thumb Code     0  libinit2.o(.ARM.Collect$$libinit$$00000017)
    __rt_lib_init_lc_time_1                  0x080001bd   Thumb Code     0  libinit2.o(.ARM.Collect$$libinit$$00000019)
    __rt_lib_init_preinit_1                  0x080001bd   Thumb Code     0  libinit2.o(.ARM.Collect$$libinit$$00000004)
    __rt_lib_init_rand_1                     0x080001bd   Thumb Code     0  libinit2.o(.ARM.Collect$$libinit$$0000000E)
    __rt_lib_init_return                     0x080001bd   Thumb Code     0  libinit2.o(.ARM.Collect$$libinit$$00000033)
    __rt_lib_init_signal_1                   0x080001bd   Thumb Code     0  libinit2.o(.ARM.Collect$$libinit$$0000001D)
    __rt_lib_init_stdio_1                    0x080001bd   Thumb Code     0  libinit2.o(.ARM.Collect$$libinit$$00000025)
    __rt_lib_init_user_alloc_1               0x080001bd   Thumb Code     0  libinit2.o(.ARM.Collect$$libinit$$0000000C)
    __rt_lib_shutdown                        0x080001bf   Thumb Code     0  libshutdown.o(.ARM.Collect$$libshutdown$$00000000)
    __rt_lib_shutdown_cpp_1                  0x080001c1   Thumb Code     0  libshutdown2.o(.ARM.Collect$$libshutdown$$00000002)
    __rt_lib_shutdown_fp_trap_1              0x080001c1   Thumb Code     0  libshutdown2.o(.ARM.Collect$$libshutdown$$00000007)
    __rt_lib_shutdown_heap_1                 0x080001c1   Thumb Code     0  libshutdown2.o(.ARM.Collect$$libshutdown$$0000000F)
    __rt_lib_shutdown_return                 0x080001c1   Thumb Code     0  libshutdown2.o(.ARM.Collect$$libshutdown$$00000010)
    __rt_lib_shutdown_signal_1               0x080001c1   Thumb Code     0  libshutdown2.o(.ARM.Collect$$libshutdown$$0000000A)
    __rt_lib_shutdown_stdio_1                0x080001c1   Thumb Code     0  libshutdown2.o(.ARM.Collect$$libshutdown$$00000004)
    __rt_lib_shutdown_user_alloc_1           0x080001c1   Thumb Code     0  libshutdown2.o(.ARM.Collect$$libshutdown$$0000000C)
    __rt_entry                               0x080001c3   Thumb Code     0  __rtentry.o(.ARM.Collect$$rtentry$$00000000)
    __rt_entry_presh_1                       0x080001c3   Thumb Code     0  __rtentry2.o(.ARM.Collect$$rtentry$$00000002)
    __rt_entry_sh                            0x080001c3   Thumb Code     0  __rtentry4.o(.ARM.Collect$$rtentry$$00000004)
    __rt_entry_li                            0x080001c9   Thumb Code     0  __rtentry2.o(.ARM.Collect$$rtentry$$0000000A)
    __rt_entry_postsh_1                      0x080001c9   Thumb Code     0  __rtentry2.o(.ARM.Collect$$rtentry$$00000009)
    __rt_entry_main                          0x080001cd   Thumb Code     0  __rtentry2.o(.ARM.Collect$$rtentry$$0000000D)
    __rt_entry_postli_1                      0x080001cd   Thumb Code     0  __rtentry2.o(.ARM.Collect$$rtentry$$0000000C)
    __rt_exit                                0x080001d5   Thumb Code     0  rtexit.o(.ARM.Collect$$rtexit$$00000000)
    __rt_exit_ls                             0x080001d7   Thumb Code     0  rtexit2.o(.ARM.Collect$$rtexit$$00000003)
    __rt_exit_prels_1                        0x080001d7   Thumb Code     0  rtexit2.o(.ARM.Collect$$rtexit$$00000002)
    __rt_exit_exit                           0x080001db   Thumb Code     0  rtexit2.o(.ARM.Collect$$rtexit$$00000004)
    SVC_Handler                              0x080001e1   Thumb Code    32  port.o(.emb_text)
    __asm___6_port_c_39a90d8d__prvStartFirstTask 0x08000205   Thumb Code    28  port.o(.emb_text)
    PendSV_Handler                           0x08000225   Thumb Code    72  port.o(.emb_text)
    vPortGetIPSR                             0x08000271   Thumb Code     6  port.o(.emb_text)
    Reset_Handler                            0x08000279   Thumb Code     8  startup_stm32f10x_hd.o(.text)
    ADC1_2_IRQHandler                        0x08000293   Thumb Code     0  startup_stm32f10x_hd.o(.text)
    ADC3_IRQHandler                          0x08000293   Thumb Code     0  startup_stm32f10x_hd.o(.text)
    CAN1_RX1_IRQHandler                      0x08000293   Thumb Code     0  startup_stm32f10x_hd.o(.text)
    CAN1_SCE_IRQHandler                      0x08000293   Thumb Code     0  startup_stm32f10x_hd.o(.text)
    DMA1_Channel1_IRQHandler                 0x08000293   Thumb Code     0  startup_stm32f10x_hd.o(.text)
    DMA1_Channel2_IRQHandler                 0x08000293   Thumb Code     0  startup_stm32f10x_hd.o(.text)
    DMA1_Channel3_IRQHandler                 0x08000293   Thumb Code     0  startup_stm32f10x_hd.o(.text)
    DMA1_Channel4_IRQHandler                 0x08000293   Thumb Code     0  startup_stm32f10x_hd.o(.text)
    DMA1_Channel5_IRQHandler                 0x08000293   Thumb Code     0  startup_stm32f10x_hd.o(.text)
    DMA1_Channel6_IRQHandler                 0x08000293   Thumb Code     0  startup_stm32f10x_hd.o(.text)
    DMA1_Channel7_IRQHandler                 0x08000293   Thumb Code     0  startup_stm32f10x_hd.o(.text)
    DMA2_Channel1_IRQHandler                 0x08000293   Thumb Code     0  startup_stm32f10x_hd.o(.text)
    DMA2_Channel2_IRQHandler                 0x08000293   Thumb Code     0  startup_stm32f10x_hd.o(.text)
    DMA2_Channel3_IRQHandler                 0x08000293   Thumb Code     0  startup_stm32f10x_hd.o(.text)
    DMA2_Channel4_5_IRQHandler               0x08000293   Thumb Code     0  startup_stm32f10x_hd.o(.text)
    EXTI15_10_IRQHandler                     0x08000293   Thumb Code     0  startup_stm32f10x_hd.o(.text)
    EXTI1_IRQHandler                         0x08000293   Thumb Code     0  startup_stm32f10x_hd.o(.text)
    EXTI9_5_IRQHandler                       0x08000293   Thumb Code     0  startup_stm32f10x_hd.o(.text)
    FLASH_IRQHandler                         0x08000293   Thumb Code     0  startup_stm32f10x_hd.o(.text)
    FSMC_IRQHandler                          0x08000293   Thumb Code     0  startup_stm32f10x_hd.o(.text)
    I2C1_ER_IRQHandler                       0x08000293   Thumb Code     0  startup_stm32f10x_hd.o(.text)
    I2C1_EV_IRQHandler                       0x08000293   Thumb Code     0  startup_stm32f10x_hd.o(.text)
    I2C2_ER_IRQHandler                       0x08000293   Thumb Code     0  startup_stm32f10x_hd.o(.text)
    I2C2_EV_IRQHandler                       0x08000293   Thumb Code     0  startup_stm32f10x_hd.o(.text)
    PVD_IRQHandler                           0x08000293   Thumb Code     0  startup_stm32f10x_hd.o(.text)
    RCC_IRQHandler                           0x08000293   Thumb Code     0  startup_stm32f10x_hd.o(.text)
    RTCAlarm_IRQHandler                      0x08000293   Thumb Code     0  startup_stm32f10x_hd.o(.text)
    RTC_IRQHandler                           0x08000293   Thumb Code     0  startup_stm32f10x_hd.o(.text)
    SDIO_IRQHandler                          0x08000293   Thumb Code     0  startup_stm32f10x_hd.o(.text)
    SPI1_IRQHandler                          0x08000293   Thumb Code     0  startup_stm32f10x_hd.o(.text)
    SPI2_IRQHandler                          0x08000293   Thumb Code     0  startup_stm32f10x_hd.o(.text)
    SPI3_IRQHandler                          0x08000293   Thumb Code     0  startup_stm32f10x_hd.o(.text)
    TAMPER_IRQHandler                        0x08000293   Thumb Code     0  startup_stm32f10x_hd.o(.text)
    TIM1_BRK_IRQHandler                      0x08000293   Thumb Code     0  startup_stm32f10x_hd.o(.text)
    TIM1_CC_IRQHandler                       0x08000293   Thumb Code     0  startup_stm32f10x_hd.o(.text)
    TIM1_TRG_COM_IRQHandler                  0x08000293   Thumb Code     0  startup_stm32f10x_hd.o(.text)
    TIM1_UP_IRQHandler                       0x08000293   Thumb Code     0  startup_stm32f10x_hd.o(.text)
    TIM2_IRQHandler                          0x08000293   Thumb Code     0  startup_stm32f10x_hd.o(.text)
    TIM3_IRQHandler                          0x08000293   Thumb Code     0  startup_stm32f10x_hd.o(.text)
    TIM4_IRQHandler                          0x08000293   Thumb Code     0  startup_stm32f10x_hd.o(.text)
    TIM5_IRQHandler                          0x08000293   Thumb Code     0  startup_stm32f10x_hd.o(.text)
    TIM6_IRQHandler                          0x08000293   Thumb Code     0  startup_stm32f10x_hd.o(.text)
    TIM7_IRQHandler                          0x08000293   Thumb Code     0  startup_stm32f10x_hd.o(.text)
    TIM8_BRK_IRQHandler                      0x08000293   Thumb Code     0  startup_stm32f10x_hd.o(.text)
    TIM8_CC_IRQHandler                       0x08000293   Thumb Code     0  startup_stm32f10x_hd.o(.text)
    TIM8_TRG_COM_IRQHandler                  0x08000293   Thumb Code     0  startup_stm32f10x_hd.o(.text)
    TIM8_UP_IRQHandler                       0x08000293   Thumb Code     0  startup_stm32f10x_hd.o(.text)
    UART4_IRQHandler                         0x08000293   Thumb Code     0  startup_stm32f10x_hd.o(.text)
    UART5_IRQHandler                         0x08000293   Thumb Code     0  startup_stm32f10x_hd.o(.text)
    USART1_IRQHandler                        0x08000293   Thumb Code     0  startup_stm32f10x_hd.o(.text)
    USART3_IRQHandler                        0x08000293   Thumb Code     0  startup_stm32f10x_hd.o(.text)
    USBWakeUp_IRQHandler                     0x08000293   Thumb Code     0  startup_stm32f10x_hd.o(.text)
    USB_HP_CAN1_TX_IRQHandler                0x08000293   Thumb Code     0  startup_stm32f10x_hd.o(.text)
    USB_LP_CAN1_RX0_IRQHandler               0x08000293   Thumb Code     0  startup_stm32f10x_hd.o(.text)
    WWDG_IRQHandler                          0x08000293   Thumb Code     0  startup_stm32f10x_hd.o(.text)
    __user_initial_stackheap                 0x08000295   Thumb Code     0  startup_stm32f10x_hd.o(.text)
    __use_no_semihosting                     0x080002b9   Thumb Code     2  use_no_semi_2.o(.text)
    __2printf                                0x080002bd   Thumb Code    20  noretval__2printf.o(.text)
    _printf_str                              0x080002d5   Thumb Code    82  _printf_str.o(.text)
    _printf_int_dec                          0x08000329   Thumb Code   104  _printf_dec.o(.text)
    _printf_int_hex                          0x080003a1   Thumb Code    84  _printf_hex_int.o(.text)
    _printf_longlong_hex                     0x080003a1   Thumb Code     0  _printf_hex_int.o(.text)
    __printf                                 0x080003f9   Thumb Code   308  __printf_flags_wp.o(.text)
    __aeabi_memcpy                           0x08000531   Thumb Code     0  rt_memcpy_v6.o(.text)
    __rt_memcpy                              0x08000531   Thumb Code   138  rt_memcpy_v6.o(.text)
    _memcpy_lastbytes                        0x08000597   Thumb Code     0  rt_memcpy_v6.o(.text)
    __aeabi_memset                           0x080005bb   Thumb Code    16  aeabi_memset.o(.text)
    __aeabi_memclr4                          0x080005cb   Thumb Code     0  rt_memclr_w.o(.text)
    __aeabi_memclr8                          0x080005cb   Thumb Code     0  rt_memclr_w.o(.text)
    __rt_memclr_w                            0x080005cb   Thumb Code    78  rt_memclr_w.o(.text)
    _memset_w                                0x080005cf   Thumb Code     0  rt_memclr_w.o(.text)
    __use_two_region_memory                  0x08000619   Thumb Code     2  heapauxi.o(.text)
    __rt_heap_escrow$2region                 0x0800061b   Thumb Code     2  heapauxi.o(.text)
    __rt_heap_expand$2region                 0x0800061d   Thumb Code     2  heapauxi.o(.text)
    __I$use$semihosting                      0x0800061f   Thumb Code     0  use_no_semi.o(.text)
    __use_no_semihosting_swi                 0x0800061f   Thumb Code     2  use_no_semi.o(.text)
    _printf_int_common                       0x08000621   Thumb Code   178  _printf_intcommon.o(.text)
    _printf_char_common                      0x080006df   Thumb Code    32  _printf_char_common.o(.text)
    _printf_cs_common                        0x08000705   Thumb Code    20  _printf_char.o(.text)
    _printf_char                             0x08000719   Thumb Code    16  _printf_char.o(.text)
    _printf_string                           0x08000729   Thumb Code     8  _printf_char.o(.text)
    _printf_char_file                        0x08000731   Thumb Code    32  _printf_char_file.o(.text)
    __aeabi_memcpy4                          0x08000755   Thumb Code     0  rt_memcpy_w.o(.text)
    __aeabi_memcpy8                          0x08000755   Thumb Code     0  rt_memcpy_w.o(.text)
    __rt_memcpy_w                            0x08000755   Thumb Code   100  rt_memcpy_w.o(.text)
    _memcpy_lastbytes_aligned                0x0800079d   Thumb Code     0  rt_memcpy_w.o(.text)
    __aeabi_memclr                           0x080007b9   Thumb Code     0  rt_memclr.o(.text)
    __rt_memclr                              0x080007b9   Thumb Code    68  rt_memclr.o(.text)
    _memset                                  0x080007bd   Thumb Code     0  rt_memclr.o(.text)
    ferror                                   0x080007fd   Thumb Code     8  ferror.o(.text)
    __user_setup_stackheap                   0x08000805   Thumb Code    74  sys_stackheap_outer.o(.text)
    exit                                     0x0800084f   Thumb Code    18  exit.o(.text)
    __user_libspace                          0x08000861   Thumb Code     8  libspace.o(.text)
    __user_perproc_libspace                  0x08000861   Thumb Code     0  libspace.o(.text)
    __user_perthread_libspace                0x08000861   Thumb Code     0  libspace.o(.text)
    BEEP_Init                                0x08000869   Thumb Code    50  beep.o(i.BEEP_Init)
    BusFault_Handler                         0x080008a1   Thumb Code     2  stm32f10x_it.o(i.BusFault_Handler)
    DHT22_Read_Bit                           0x080008a5   Thumb Code    70  dht22.o(i.DHT22_Read_Bit)
    DHT22_Read_Byte                          0x080008f1   Thumb Code    26  dht22.o(i.DHT22_Read_Byte)
    DHT22_Read_Data                          0x0800090d   Thumb Code   122  dht22.o(i.DHT22_Read_Data)
    DHT22_Response                           0x0800098d   Thumb Code    90  dht22.o(i.DHT22_Response)
    DHT22_Start                              0x080009f1   Thumb Code    52  dht22.o(i.DHT22_Start)
    DebugMon_Handler                         0x08000a2d   Thumb Code     2  stm32f10x_it.o(i.DebugMon_Handler)
    EXTI0_IRQHandler                         0x08000a31   Thumb Code    38  exti.o(i.EXTI0_IRQHandler)
    EXTI2_IRQHandler                         0x08000a61   Thumb Code    36  exti.o(i.EXTI2_IRQHandler)
    EXTI3_IRQHandler                         0x08000a8d   Thumb Code    36  exti.o(i.EXTI3_IRQHandler)
    EXTI4_IRQHandler                         0x08000ab9   Thumb Code    36  exti.o(i.EXTI4_IRQHandler)
    EXTI_ClearITPendingBit                   0x08000ae5   Thumb Code     6  stm32f10x_exti.o(i.EXTI_ClearITPendingBit)
    EXTI_Init                                0x08000af1   Thumb Code   108  stm32f10x_exti.o(i.EXTI_Init)
    EXTI_Key_Init                            0x08000b61   Thumb Code   246  exti.o(i.EXTI_Key_Init)
    FSMC_NORSRAMCmd                          0x08000c59   Thumb Code    26  stm32f10x_fsmc.o(i.FSMC_NORSRAMCmd)
    FSMC_NORSRAMInit                         0x08000c79   Thumb Code   200  stm32f10x_fsmc.o(i.FSMC_NORSRAMInit)
    GPIO_EXTILineConfig                      0x08000d41   Thumb Code    34  stm32f10x_gpio.o(i.GPIO_EXTILineConfig)
    GPIO_Init                                0x08000d69   Thumb Code   156  stm32f10x_gpio.o(i.GPIO_Init)
    GPIO_ReadInputDataBit                    0x08000e05   Thumb Code    14  stm32f10x_gpio.o(i.GPIO_ReadInputDataBit)
    GPIO_ResetBits                           0x08000e13   Thumb Code     4  stm32f10x_gpio.o(i.GPIO_ResetBits)
    GPIO_SetBits                             0x08000e17   Thumb Code     4  stm32f10x_gpio.o(i.GPIO_SetBits)
    HardFault_Handler                        0x08000e1b   Thumb Code     2  stm32f10x_it.o(i.HardFault_Handler)
    KEY_Init                                 0x08000e1d   Thumb Code    62  key.o(i.KEY_Init)
    LCD_Clear                                0x08000e65   Thumb Code   100  lcd.o(i.LCD_Clear)
    LCD_Display_Dir                          0x08000ed1   Thumb Code   348  lcd.o(i.LCD_Display_Dir)
    LCD_DrawLine                             0x08001031   Thumb Code   150  lcd.o(i.LCD_DrawLine)
    LCD_DrawPoint                            0x080010c9   Thumb Code    20  lcd.o(i.LCD_DrawPoint)
    LCD_DrawRectangle                        0x080010e5   Thumb Code    56  lcd.o(i.LCD_DrawRectangle)
    LCD_Init                                 0x0800111d   Thumb Code  8846  lcd.o(i.LCD_Init)
    LCD_ReadReg                              0x080033b1   Thumb Code    20  lcd.o(i.LCD_ReadReg)
    LCD_Scan_Dir                             0x080033c9   Thumb Code   332  lcd.o(i.LCD_Scan_Dir)
    LCD_SetCursor                            0x0800351d   Thumb Code   114  lcd.o(i.LCD_SetCursor)
    LCD_ShowChar                             0x08003599   Thumb Code   284  lcd.o(i.LCD_ShowChar)
    LCD_ShowString                           0x080036c5   Thumb Code    84  lcd.o(i.LCD_ShowString)
    LCD_WriteRAM_Prepare                     0x08003719   Thumb Code    10  lcd.o(i.LCD_WriteRAM_Prepare)
    LCD_WriteReg                             0x0800372d   Thumb Code    10  lcd.o(i.LCD_WriteReg)
    LED_Init                                 0x0800373d   Thumb Code    70  led.o(i.LED_Init)
    MemManage_Handler                        0x0800378d   Thumb Code     2  stm32f10x_it.o(i.MemManage_Handler)
    NMI_Handler                              0x0800378f   Thumb Code     2  stm32f10x_it.o(i.NMI_Handler)
    NVIC_Init                                0x08003791   Thumb Code    94  misc.o(i.NVIC_Init)
    NVIC_PriorityGroupConfig                 0x080037f5   Thumb Code    10  misc.o(i.NVIC_PriorityGroupConfig)
    RCC_AHBPeriphClockCmd                    0x08003809   Thumb Code    18  stm32f10x_rcc.o(i.RCC_AHBPeriphClockCmd)
    RCC_APB1PeriphClockCmd                   0x08003821   Thumb Code    18  stm32f10x_rcc.o(i.RCC_APB1PeriphClockCmd)
    RCC_APB2PeriphClockCmd                   0x08003839   Thumb Code    18  stm32f10x_rcc.o(i.RCC_APB2PeriphClockCmd)
    RCC_GetClocksFreq                        0x08003851   Thumb Code   132  stm32f10x_rcc.o(i.RCC_GetClocksFreq)
    Show_number                              0x0800398d   Thumb Code   624  number.o(i.Show_number)
    SysTick_CLKSourceConfig                  0x08003c01   Thumb Code    24  misc.o(i.SysTick_CLKSourceConfig)
    SysTick_Handler                          0x08003c19   Thumb Code    20  delay.o(i.SysTick_Handler)
    SystemInit                               0x08003c2d   Thumb Code    64  system_stm32f10x.o(i.SystemInit)
    Trans_number                             0x08003c7d   Thumb Code   328  number.o(i.Trans_number)
    USART2_IRQHandler                        0x08003dc5   Thumb Code    88  usart.o(i.USART2_IRQHandler)
    USART_Cmd                                0x08003e29   Thumb Code    20  stm32f10x_usart.o(i.USART_Cmd)
    USART_GetITStatus                        0x08003e3d   Thumb Code    62  stm32f10x_usart.o(i.USART_GetITStatus)
    USART_ITConfig                           0x08003e7b   Thumb Code    48  stm32f10x_usart.o(i.USART_ITConfig)
    USART_Init                               0x08003ead   Thumb Code   166  stm32f10x_usart.o(i.USART_Init)
    USART_ReceiveData                        0x08003f59   Thumb Code     8  stm32f10x_usart.o(i.USART_ReceiveData)
    UsageFault_Handler                       0x08003f61   Thumb Code     2  stm32f10x_it.o(i.UsageFault_Handler)
    _is_digit                                0x08003f63   Thumb Code    14  __printf_wp.o(i._is_digit)
    _sys_exit                                0x08003f71   Thumb Code     2  usart.o(i._sys_exit)
    delay_init                               0x08003f75   Thumb Code    60  delay.o(i.delay_init)
    delay_ms                                 0x08003fbd   Thumb Code    52  delay.o(i.delay_ms)
    delay_us                                 0x08003ff5   Thumb Code    48  delay.o(i.delay_us)
    fputc                                    0x08004029   Thumb Code    18  usart.o(i.fputc)
    key_task                                 0x08004041   Thumb Code    96  main.o(i.key_task)
    main                                     0x0800412d   Thumb Code    66  main.o(i.main)
    pvPortMalloc                             0x080049fd   Thumb Code   214  heap_4.o(i.pvPortMalloc)
    pvTaskIncrementMutexHeldCount            0x08004b11   Thumb Code    18  tasks.o(i.pvTaskIncrementMutexHeldCount)
    pxPortInitialiseStack                    0x08004b29   Thumb Code    32  port.o(i.pxPortInitialiseStack)
    query_task                               0x08004b4d   Thumb Code    98  main.o(i.query_task)
    start_task                               0x08004c8d   Thumb Code   186  main.o(i.start_task)
    task1_display                            0x08004e51   Thumb Code   712  main.o(i.task1_display)
    task3_get_data                           0x080051f1   Thumb Code    38  main.o(i.task3_get_data)
    task4_Alarm                              0x0800521d   Thumb Code   118  main.o(i.task4_Alarm)
    uart_init                                0x0800529d   Thumb Code   154  usart.o(i.uart_init)
    uxListRemove                             0x08005341   Thumb Code    36  list.o(i.uxListRemove)
    uxTaskGetStackHighWaterMark              0x08005365   Thumb Code    12  tasks.o(i.uxTaskGetStackHighWaterMark)
    vListInitialise                          0x08005375   Thumb Code    22  list.o(i.vListInitialise)
    vListInitialiseItem                      0x0800538b   Thumb Code     6  list.o(i.vListInitialiseItem)
    vListInsert                              0x08005391   Thumb Code    48  list.o(i.vListInsert)
    vListInsertEnd                           0x080053c1   Thumb Code    24  list.o(i.vListInsertEnd)
    vPortEnterCritical                       0x080053d9   Thumb Code    50  port.o(i.vPortEnterCritical)
    vPortExitCritical                        0x08005451   Thumb Code    34  port.o(i.vPortExitCritical)
    vPortFree                                0x080054b5   Thumb Code    94  heap_4.o(i.vPortFree)
    vPortSetupTimerInterrupt                 0x08005551   Thumb Code    26  port.o(i.vPortSetupTimerInterrupt)
    vPortValidateInterruptPriority           0x08005571   Thumb Code    70  port.o(i.vPortValidateInterruptPriority)
    vQueueAddToRegistry                      0x080055fd   Thumb Code    32  queue.o(i.vQueueAddToRegistry)
    vQueueWaitForMessageRestricted           0x08005621   Thumb Code    68  queue.o(i.vQueueWaitForMessageRestricted)
    vTaskDelay                               0x08005665   Thumb Code    62  tasks.o(i.vTaskDelay)
    vTaskDelete                              0x080056d1   Thumb Code   152  tasks.o(i.vTaskDelete)
    vTaskMissedYield                         0x0800579d   Thumb Code     8  tasks.o(i.vTaskMissedYield)
    vTaskPlaceOnEventList                    0x080057a9   Thumb Code    44  tasks.o(i.vTaskPlaceOnEventList)
    vTaskPlaceOnEventListRestricted          0x080057fd   Thumb Code    52  tasks.o(i.vTaskPlaceOnEventListRestricted)
    vTaskPriorityInherit                     0x08005859   Thumb Code   124  tasks.o(i.vTaskPriorityInherit)
    vTaskSetTimeOutState                     0x080058dd   Thumb Code    30  tasks.o(i.vTaskSetTimeOutState)
    vTaskStartScheduler                      0x08005925   Thumb Code    96  tasks.o(i.vTaskStartScheduler)
    vTaskSuspendAll                          0x080059b9   Thumb Code    10  tasks.o(i.vTaskSuspendAll)
    vTaskSwitchContext                       0x080059c9   Thumb Code    80  tasks.o(i.vTaskSwitchContext)
    xPortStartScheduler                      0x08005a45   Thumb Code   108  port.o(i.xPortStartScheduler)
    xPortSysTickHandler                      0x08005abd   Thumb Code    38  port.o(i.xPortSysTickHandler)
    xQueueGenericCreate                      0x08005ae9   Thumb Code    82  queue.o(i.xQueueGenericCreate)
    xQueueGenericReceive                     0x08005b61   Thumb Code   348  queue.o(i.xQueueGenericReceive)
    xQueueGenericReset                       0x08005ce5   Thumb Code   128  queue.o(i.xQueueGenericReset)
    xQueueGenericSend                        0x08005d8d   Thumb Code   350  queue.o(i.xQueueGenericSend)
    xQueueGenericSendFromISR                 0x08005f15   Thumb Code   188  queue.o(i.xQueueGenericSendFromISR)
    xTaskCheckForTimeOut                     0x08005ff5   Thumb Code    94  tasks.o(i.xTaskCheckForTimeOut)
    xTaskCreate                              0x0800607d   Thumb Code    86  tasks.o(i.xTaskCreate)
    xTaskGetSchedulerState                   0x080060d5   Thumb Code    22  tasks.o(i.xTaskGetSchedulerState)
    xTaskGetTickCount                        0x080060f1   Thumb Code     6  tasks.o(i.xTaskGetTickCount)
    xTaskIncrementTick                       0x080060fd   Thumb Code   188  tasks.o(i.xTaskIncrementTick)
    xTaskPriorityDisinherit                  0x080061e5   Thumb Code   136  tasks.o(i.xTaskPriorityDisinherit)
    xTaskRemoveFromEventList                 0x08006299   Thumb Code   102  tasks.o(i.xTaskRemoveFromEventList)
    xTaskResumeAll                           0x08006331   Thumb Code   180  tasks.o(i.xTaskResumeAll)
    xTimerCreate                             0x08006415   Thumb Code    74  timers.o(i.xTimerCreate)
    xTimerCreateTimerTask                    0x08006489   Thumb Code    58  timers.o(i.xTimerCreateTimerTask)
    xTimerGenericCommand                     0x080064fd   Thumb Code    98  timers.o(i.xTimerGenericCommand)
    __aeabi_fadd                             0x0800658d   Thumb Code     0  faddsub_clz.o(x$fpl$fadd)
    _fadd                                    0x0800658d   Thumb Code   196  faddsub_clz.o(x$fpl$fadd)
    __fpl_fcmp_Inf                           0x08006651   Thumb Code    24  fcmpi.o(x$fpl$fcmpinf)
    __aeabi_fdiv                             0x08006669   Thumb Code     0  fdiv.o(x$fpl$fdiv)
    _fdiv                                    0x08006669   Thumb Code   384  fdiv.o(x$fpl$fdiv)
    __aeabi_f2iz                             0x080067ed   Thumb Code     0  ffix.o(x$fpl$ffix)
    _ffix                                    0x080067ed   Thumb Code    54  ffix.o(x$fpl$ffix)
    __aeabi_i2f                              0x08006825   Thumb Code     0  fflt_clz.o(x$fpl$fflt)
    _fflt                                    0x08006825   Thumb Code    48  fflt_clz.o(x$fpl$fflt)
    __aeabi_ui2f                             0x08006855   Thumb Code     0  fflt_clz.o(x$fpl$ffltu)
    _ffltu                                   0x08006855   Thumb Code    38  fflt_clz.o(x$fpl$ffltu)
    __aeabi_cfcmple                          0x0800687d   Thumb Code     0  fleqf.o(x$fpl$fleqf)
    _fcmple                                  0x0800687d   Thumb Code   104  fleqf.o(x$fpl$fleqf)
    __fpl_fcmple_InfNaN                      0x080068cf   Thumb Code     0  fleqf.o(x$fpl$fleqf)
    __aeabi_fmul                             0x080068e5   Thumb Code     0  fmul.o(x$fpl$fmul)
    _fmul                                    0x080068e5   Thumb Code   258  fmul.o(x$fpl$fmul)
    __fpl_fnaninf                            0x080069e7   Thumb Code   140  fnaninf.o(x$fpl$fnaninf)
    __fpl_fretinf                            0x08006a73   Thumb Code    10  fretinf.o(x$fpl$fretinf)
    __aeabi_cfrcmple                         0x08006a7d   Thumb Code     0  frleqf.o(x$fpl$frleqf)
    _frcmple                                 0x08006a7d   Thumb Code    98  frleqf.o(x$fpl$frleqf)
    __aeabi_frsub                            0x08006adf   Thumb Code     0  faddsub_clz.o(x$fpl$frsb)
    _frsb                                    0x08006adf   Thumb Code    20  faddsub_clz.o(x$fpl$frsb)
    __aeabi_fsub                             0x08006af5   Thumb Code     0  faddsub_clz.o(x$fpl$fsub)
    _fsub                                    0x08006af5   Thumb Code   234  faddsub_clz.o(x$fpl$fsub)
    __I$use$fp                               0x08006bde   Number         0  usenofp.o(x$fpl$usenofp)
    asc2_1206                                0x08006bde   Data        1140  lcd.o(.constdata)
    asc2_1608                                0x08007052   Data        1520  lcd.o(.constdata)
    Region$$Table$$Base                      0x0800767c   Number         0  anon$$obj.o(Region$$Table)
    Region$$Table$$Limit                     0x0800769c   Number         0  anon$$obj.o(Region$$Table)
    Temperature                              0x20000000   Data           4  main.o(.data)
    Humidity                                 0x20000004   Data           4  main.o(.data)
    Temperature_Min                          0x20000008   Data           4  main.o(.data)
    Temperature_Max                          0x2000000c   Data           4  main.o(.data)
    Humidity_Min                             0x20000010   Data           4  main.o(.data)
    Humidity_Max                             0x20000014   Data           4  main.o(.data)
    R_buf                                    0x20000018   Data           4  main.o(.data)
    Temperature_Alarm_Flag                   0x2000001c   Data           4  main.o(.data)
    Humidity_Alarm_Flag                      0x20000020   Data           4  main.o(.data)
    Key_Value                                0x20000024   Data           4  main.o(.data)
    Alarm_BinarySemaphore                    0x20000028   Data           4  main.o(.data)
    Get_Data_BinarySemaphore                 0x2000002c   Data           4  main.o(.data)
    StartTask_Handler                        0x20000030   Data           4  main.o(.data)
    KeyTask_Handler                          0x20000034   Data           4  main.o(.data)
    Task1Task_Handler                        0x20000038   Data           4  main.o(.data)
    QueryTask_Handler                        0x2000003c   Data           4  main.o(.data)
    Task3Task_Handler                        0x20000040   Data           4  main.o(.data)
    Task4Task_Handler                        0x20000044   Data           4  main.o(.data)
    Temperature_data                         0x20000048   Data          17  main.o(.data)
    Humidity_data                            0x20000059   Data          17  main.o(.data)
    SystemCoreClock                          0x2000006c   Data           4  system_stm32f10x.o(.data)
    AHBPrescTable                            0x20000070   Data          16  system_stm32f10x.o(.data)
    POINT_COLOR                              0x20000080   Data           2  lcd.o(.data)
    BACK_COLOR                               0x20000082   Data           2  lcd.o(.data)
    USART_RX_STA                             0x20000088   Data           2  usart.o(.data)
    __stdout                                 0x2000008c   Data           4  usart.o(.data)
    pxCurrentTCB                             0x200000a4   Data           4  tasks.o(.data)
    lcddev                                   0x20000118   Data          14  lcd.o(.bss)
    USART_RX_BUF                             0x20000126   Data         200  usart.o(.bss)
    xQueueRegistry                           0x200001f0   Data          64  queue.o(.bss)
    __libspace_start                         0x2000553c   Data          96  libspace.o(.bss)
    __temporary_stack_top$libspace           0x2000559c   Data           0  libspace.o(.bss)



==============================================================================

Memory Map of the image

  Image Entry point : 0x08000279

  Load Region LR_1 (Base: 0x08000000, Size: 0x000077b4, Max: 0xffffffff, ABSOLUTE)

    Execution Region ER_RO (Exec base: 0x08000000, Load base: 0x08000000, Size: 0x0000769c, Max: 0xffffffff, ABSOLUTE)

    Exec Addr    Load Addr    Size         Type   Attr      Idx    E Section Name        Object

    0x08000000   0x08000000   0x00000130   Data   RO          929    RESET               startup_stm32f10x_hd.o
    0x08000130   0x08000130   0x00000008   Code   RO         3248  * !!!main             c_w.l(__main.o)
    0x08000138   0x08000138   0x00000034   Code   RO         3457    !!!scatter          c_w.l(__scatter.o)
    0x0800016c   0x0800016c   0x0000001a   Code   RO         3459    !!handler_copy      c_w.l(__scatter_copy.o)
    0x08000186   0x08000186   0x00000002   PAD
    0x08000188   0x08000188   0x0000001c   Code   RO         3461    !!handler_zi        c_w.l(__scatter_zi.o)
    0x080001a4   0x080001a4   0x00000000   Code   RO         3235    .ARM.Collect$$_printf_percent$$00000000  c_w.l(_printf_percent.o)
    0x080001a4   0x080001a4   0x00000006   Code   RO         3233    .ARM.Collect$$_printf_percent$$00000009  c_w.l(_printf_d.o)
    0x080001aa   0x080001aa   0x00000006   Code   RO         3232    .ARM.Collect$$_printf_percent$$0000000C  c_w.l(_printf_x.o)
    0x080001b0   0x080001b0   0x00000006   Code   RO         3231    .ARM.Collect$$_printf_percent$$00000014  c_w.l(_printf_s.o)
    0x080001b6   0x080001b6   0x00000004   Code   RO         3289    .ARM.Collect$$_printf_percent$$00000017  c_w.l(_printf_percent_end.o)
    0x080001ba   0x080001ba   0x00000002   Code   RO         3331    .ARM.Collect$$libinit$$00000000  c_w.l(libinit.o)
    0x080001bc   0x080001bc   0x00000000   Code   RO         3338    .ARM.Collect$$libinit$$00000002  c_w.l(libinit2.o)
    0x080001bc   0x080001bc   0x00000000   Code   RO         3340    .ARM.Collect$$libinit$$00000004  c_w.l(libinit2.o)
    0x080001bc   0x080001bc   0x00000000   Code   RO         3343    .ARM.Collect$$libinit$$0000000A  c_w.l(libinit2.o)
    0x080001bc   0x080001bc   0x00000000   Code   RO         3345    .ARM.Collect$$libinit$$0000000C  c_w.l(libinit2.o)
    0x080001bc   0x080001bc   0x00000000   Code   RO         3347    .ARM.Collect$$libinit$$0000000E  c_w.l(libinit2.o)
    0x080001bc   0x080001bc   0x00000000   Code   RO         3350    .ARM.Collect$$libinit$$00000011  c_w.l(libinit2.o)
    0x080001bc   0x080001bc   0x00000000   Code   RO         3352    .ARM.Collect$$libinit$$00000013  c_w.l(libinit2.o)
    0x080001bc   0x080001bc   0x00000000   Code   RO         3354    .ARM.Collect$$libinit$$00000015  c_w.l(libinit2.o)
    0x080001bc   0x080001bc   0x00000000   Code   RO         3356    .ARM.Collect$$libinit$$00000017  c_w.l(libinit2.o)
    0x080001bc   0x080001bc   0x00000000   Code   RO         3358    .ARM.Collect$$libinit$$00000019  c_w.l(libinit2.o)
    0x080001bc   0x080001bc   0x00000000   Code   RO         3360    .ARM.Collect$$libinit$$0000001B  c_w.l(libinit2.o)
    0x080001bc   0x080001bc   0x00000000   Code   RO         3362    .ARM.Collect$$libinit$$0000001D  c_w.l(libinit2.o)
    0x080001bc   0x080001bc   0x00000000   Code   RO         3364    .ARM.Collect$$libinit$$0000001F  c_w.l(libinit2.o)
    0x080001bc   0x080001bc   0x00000000   Code   RO         3366    .ARM.Collect$$libinit$$00000021  c_w.l(libinit2.o)
    0x080001bc   0x080001bc   0x00000000   Code   RO         3368    .ARM.Collect$$libinit$$00000023  c_w.l(libinit2.o)
    0x080001bc   0x080001bc   0x00000000   Code   RO         3370    .ARM.Collect$$libinit$$00000025  c_w.l(libinit2.o)
    0x080001bc   0x080001bc   0x00000000   Code   RO         3374    .ARM.Collect$$libinit$$0000002C  c_w.l(libinit2.o)
    0x080001bc   0x080001bc   0x00000000   Code   RO         3376    .ARM.Collect$$libinit$$0000002E  c_w.l(libinit2.o)
    0x080001bc   0x080001bc   0x00000000   Code   RO         3378    .ARM.Collect$$libinit$$00000030  c_w.l(libinit2.o)
    0x080001bc   0x080001bc   0x00000000   Code   RO         3380    .ARM.Collect$$libinit$$00000032  c_w.l(libinit2.o)
    0x080001bc   0x080001bc   0x00000002   Code   RO         3381    .ARM.Collect$$libinit$$00000033  c_w.l(libinit2.o)
    0x080001be   0x080001be   0x00000002   Code   RO         3399    .ARM.Collect$$libshutdown$$00000000  c_w.l(libshutdown.o)
    0x080001c0   0x080001c0   0x00000000   Code   RO         3409    .ARM.Collect$$libshutdown$$00000002  c_w.l(libshutdown2.o)
    0x080001c0   0x080001c0   0x00000000   Code   RO         3411    .ARM.Collect$$libshutdown$$00000004  c_w.l(libshutdown2.o)
    0x080001c0   0x080001c0   0x00000000   Code   RO         3414    .ARM.Collect$$libshutdown$$00000007  c_w.l(libshutdown2.o)
    0x080001c0   0x080001c0   0x00000000   Code   RO         3417    .ARM.Collect$$libshutdown$$0000000A  c_w.l(libshutdown2.o)
    0x080001c0   0x080001c0   0x00000000   Code   RO         3419    .ARM.Collect$$libshutdown$$0000000C  c_w.l(libshutdown2.o)
    0x080001c0   0x080001c0   0x00000000   Code   RO         3422    .ARM.Collect$$libshutdown$$0000000F  c_w.l(libshutdown2.o)
    0x080001c0   0x080001c0   0x00000002   Code   RO         3423    .ARM.Collect$$libshutdown$$00000010  c_w.l(libshutdown2.o)
    0x080001c2   0x080001c2   0x00000000   Code   RO         3278    .ARM.Collect$$rtentry$$00000000  c_w.l(__rtentry.o)
    0x080001c2   0x080001c2   0x00000000   Code   RO         3302    .ARM.Collect$$rtentry$$00000002  c_w.l(__rtentry2.o)
    0x080001c2   0x080001c2   0x00000006   Code   RO         3314    .ARM.Collect$$rtentry$$00000004  c_w.l(__rtentry4.o)
    0x080001c8   0x080001c8   0x00000000   Code   RO         3304    .ARM.Collect$$rtentry$$00000009  c_w.l(__rtentry2.o)
    0x080001c8   0x080001c8   0x00000004   Code   RO         3305    .ARM.Collect$$rtentry$$0000000A  c_w.l(__rtentry2.o)
    0x080001cc   0x080001cc   0x00000000   Code   RO         3307    .ARM.Collect$$rtentry$$0000000C  c_w.l(__rtentry2.o)
    0x080001cc   0x080001cc   0x00000008   Code   RO         3308    .ARM.Collect$$rtentry$$0000000D  c_w.l(__rtentry2.o)
    0x080001d4   0x080001d4   0x00000002   Code   RO         3335    .ARM.Collect$$rtexit$$00000000  c_w.l(rtexit.o)
    0x080001d6   0x080001d6   0x00000000   Code   RO         3383    .ARM.Collect$$rtexit$$00000002  c_w.l(rtexit2.o)
    0x080001d6   0x080001d6   0x00000004   Code   RO         3384    .ARM.Collect$$rtexit$$00000003  c_w.l(rtexit2.o)
    0x080001da   0x080001da   0x00000006   Code   RO         3385    .ARM.Collect$$rtexit$$00000004  c_w.l(rtexit2.o)
    0x080001e0   0x080001e0   0x00000096   Code   RO         3094    .emb_text           port.o
    0x08000276   0x08000276   0x00000002   PAD
    0x08000278   0x08000278   0x00000040   Code   RO          930  * .text               startup_stm32f10x_hd.o
    0x080002b8   0x080002b8   0x00000002   Code   RO         3173    .text               c_w.l(use_no_semi_2.o)
    0x080002ba   0x080002ba   0x00000002   PAD
    0x080002bc   0x080002bc   0x00000018   Code   RO         3179    .text               c_w.l(noretval__2printf.o)
    0x080002d4   0x080002d4   0x00000052   Code   RO         3185    .text               c_w.l(_printf_str.o)
    0x08000326   0x08000326   0x00000002   PAD
    0x08000328   0x08000328   0x00000078   Code   RO         3187    .text               c_w.l(_printf_dec.o)
    0x080003a0   0x080003a0   0x00000058   Code   RO         3192    .text               c_w.l(_printf_hex_int.o)
    0x080003f8   0x080003f8   0x00000138   Code   RO         3222    .text               c_w.l(__printf_flags_wp.o)
    0x08000530   0x08000530   0x0000008a   Code   RO         3240    .text               c_w.l(rt_memcpy_v6.o)
    0x080005ba   0x080005ba   0x00000010   Code   RO         3242    .text               c_w.l(aeabi_memset.o)
    0x080005ca   0x080005ca   0x0000004e   Code   RO         3244    .text               c_w.l(rt_memclr_w.o)
    0x08000618   0x08000618   0x00000006   Code   RO         3246    .text               c_w.l(heapauxi.o)
    0x0800061e   0x0800061e   0x00000002   Code   RO         3276    .text               c_w.l(use_no_semi.o)
    0x08000620   0x08000620   0x000000b2   Code   RO         3279    .text               c_w.l(_printf_intcommon.o)
    0x080006d2   0x080006d2   0x00000002   PAD
    0x080006d4   0x080006d4   0x00000030   Code   RO         3281    .text               c_w.l(_printf_char_common.o)
    0x08000704   0x08000704   0x0000002c   Code   RO         3285    .text               c_w.l(_printf_char.o)
    0x08000730   0x08000730   0x00000024   Code   RO         3287    .text               c_w.l(_printf_char_file.o)
    0x08000754   0x08000754   0x00000064   Code   RO         3290    .text               c_w.l(rt_memcpy_w.o)
    0x080007b8   0x080007b8   0x00000044   Code   RO         3292    .text               c_w.l(rt_memclr.o)
    0x080007fc   0x080007fc   0x00000008   Code   RO         3318    .text               c_w.l(ferror.o)
    0x08000804   0x08000804   0x0000004a   Code   RO         3322    .text               c_w.l(sys_stackheap_outer.o)
    0x0800084e   0x0800084e   0x00000012   Code   RO         3324    .text               c_w.l(exit.o)
    0x08000860   0x08000860   0x00000008   Code   RO         3332    .text               c_w.l(libspace.o)
    0x08000868   0x08000868   0x00000038   Code   RO          732    i.BEEP_Init         beep.o
    0x080008a0   0x080008a0   0x00000002   Code   RO          223    i.BusFault_Handler  stm32f10x_it.o
    0x080008a2   0x080008a2   0x00000002   PAD
    0x080008a4   0x080008a4   0x0000004c   Code   RO          627    i.DHT22_Read_Bit    dht22.o
    0x080008f0   0x080008f0   0x0000001a   Code   RO          628    i.DHT22_Read_Byte   dht22.o
    0x0800090a   0x0800090a   0x00000002   PAD
    0x0800090c   0x0800090c   0x00000080   Code   RO          629    i.DHT22_Read_Data   dht22.o
    0x0800098c   0x0800098c   0x00000064   Code   RO          630    i.DHT22_Response    dht22.o
    0x080009f0   0x080009f0   0x0000003c   Code   RO          631    i.DHT22_Start       dht22.o
    0x08000a2c   0x08000a2c   0x00000002   Code   RO          224    i.DebugMon_Handler  stm32f10x_it.o
    0x08000a2e   0x08000a2e   0x00000002   PAD
    0x08000a30   0x08000a30   0x00000030   Code   RO          671    i.EXTI0_IRQHandler  exti.o
    0x08000a60   0x08000a60   0x0000002c   Code   RO          672    i.EXTI2_IRQHandler  exti.o
    0x08000a8c   0x08000a8c   0x0000002c   Code   RO          673    i.EXTI3_IRQHandler  exti.o
    0x08000ab8   0x08000ab8   0x0000002c   Code   RO          674    i.EXTI4_IRQHandler  exti.o
    0x08000ae4   0x08000ae4   0x0000000c   Code   RO         2142    i.EXTI_ClearITPendingBit  stm32f10x_exti.o
    0x08000af0   0x08000af0   0x00000070   Code   RO         2147    i.EXTI_Init         stm32f10x_exti.o
    0x08000b60   0x08000b60   0x000000f6   Code   RO          675    i.EXTI_Key_Init     exti.o
    0x08000c56   0x08000c56   0x00000002   PAD
    0x08000c58   0x08000c58   0x00000020   Code   RO         2032    i.FSMC_NORSRAMCmd   stm32f10x_fsmc.o
    0x08000c78   0x08000c78   0x000000c8   Code   RO         2034    i.FSMC_NORSRAMInit  stm32f10x_fsmc.o
    0x08000d40   0x08000d40   0x00000028   Code   RO          973    i.GPIO_EXTILineConfig  stm32f10x_gpio.o
    0x08000d68   0x08000d68   0x0000009c   Code   RO          976    i.GPIO_Init         stm32f10x_gpio.o
    0x08000e04   0x08000e04   0x0000000e   Code   RO          980    i.GPIO_ReadInputDataBit  stm32f10x_gpio.o
    0x08000e12   0x08000e12   0x00000004   Code   RO          983    i.GPIO_ResetBits    stm32f10x_gpio.o
    0x08000e16   0x08000e16   0x00000004   Code   RO          984    i.GPIO_SetBits      stm32f10x_gpio.o
    0x08000e1a   0x08000e1a   0x00000002   Code   RO          225    i.HardFault_Handler  stm32f10x_it.o
    0x08000e1c   0x08000e1c   0x00000048   Code   RO          714    i.KEY_Init          key.o
    0x08000e64   0x08000e64   0x0000006c   Code   RO          426    i.LCD_Clear         lcd.o
    0x08000ed0   0x08000ed0   0x00000160   Code   RO          430    i.LCD_Display_Dir   lcd.o
    0x08001030   0x08001030   0x00000096   Code   RO          431    i.LCD_DrawLine      lcd.o
    0x080010c6   0x080010c6   0x00000002   PAD
    0x080010c8   0x080010c8   0x0000001c   Code   RO          432    i.LCD_DrawPoint     lcd.o
    0x080010e4   0x080010e4   0x00000038   Code   RO          433    i.LCD_DrawRectangle  lcd.o
    0x0800111c   0x0800111c   0x00002294   Code   RO          436    i.LCD_Init          lcd.o
    0x080033b0   0x080033b0   0x00000018   Code   RO          440    i.LCD_ReadReg       lcd.o
    0x080033c8   0x080033c8   0x00000154   Code   RO          441    i.LCD_Scan_Dir      lcd.o
    0x0800351c   0x0800351c   0x0000007c   Code   RO          442    i.LCD_SetCursor     lcd.o
    0x08003598   0x08003598   0x0000012c   Code   RO          444    i.LCD_ShowChar      lcd.o
    0x080036c4   0x080036c4   0x00000054   Code   RO          446    i.LCD_ShowString    lcd.o
    0x08003718   0x08003718   0x00000014   Code   RO          451    i.LCD_WriteRAM_Prepare  lcd.o
    0x0800372c   0x0800372c   0x00000010   Code   RO          452    i.LCD_WriteReg      lcd.o
    0x0800373c   0x0800373c   0x00000050   Code   RO          380    i.LED_Init          led.o
    0x0800378c   0x0800378c   0x00000002   Code   RO          226    i.MemManage_Handler  stm32f10x_it.o
    0x0800378e   0x0800378e   0x00000002   Code   RO          227    i.NMI_Handler       stm32f10x_it.o
    0x08003790   0x08003790   0x00000064   Code   RO          934    i.NVIC_Init         misc.o
    0x080037f4   0x080037f4   0x00000014   Code   RO          935    i.NVIC_PriorityGroupConfig  misc.o
    0x08003808   0x08003808   0x00000018   Code   RO         1109    i.RCC_AHBPeriphClockCmd  stm32f10x_rcc.o
    0x08003820   0x08003820   0x00000018   Code   RO         1110    i.RCC_APB1PeriphClockCmd  stm32f10x_rcc.o
    0x08003838   0x08003838   0x00000018   Code   RO         1112    i.RCC_APB2PeriphClockCmd  stm32f10x_rcc.o
    0x08003850   0x08003850   0x00000094   Code   RO         1120    i.RCC_GetClocksFreq  stm32f10x_rcc.o
    0x080038e4   0x080038e4   0x000000a8   Code   RO          351    i.SetSysClockTo72   system_stm32f10x.o
    0x0800398c   0x0800398c   0x00000274   Code   RO          747    i.Show_number       number.o
    0x08003c00   0x08003c00   0x00000018   Code   RO          938    i.SysTick_CLKSourceConfig  misc.o
    0x08003c18   0x08003c18   0x00000014   Code   RO          768    i.SysTick_Handler   delay.o
    0x08003c2c   0x08003c2c   0x00000050   Code   RO          353    i.SystemInit        system_stm32f10x.o
    0x08003c7c   0x08003c7c   0x00000148   Code   RO          748    i.Trans_number      number.o
    0x08003dc4   0x08003dc4   0x00000064   Code   RO          869    i.USART2_IRQHandler  usart.o
    0x08003e28   0x08003e28   0x00000014   Code   RO         1312    i.USART_Cmd         stm32f10x_usart.o
    0x08003e3c   0x08003e3c   0x0000003e   Code   RO         1316    i.USART_GetITStatus  stm32f10x_usart.o
    0x08003e7a   0x08003e7a   0x00000030   Code   RO         1318    i.USART_ITConfig    stm32f10x_usart.o
    0x08003eaa   0x08003eaa   0x00000002   PAD
    0x08003eac   0x08003eac   0x000000ac   Code   RO         1319    i.USART_Init        stm32f10x_usart.o
    0x08003f58   0x08003f58   0x00000008   Code   RO         1326    i.USART_ReceiveData  stm32f10x_usart.o
    0x08003f60   0x08003f60   0x00000002   Code   RO          228    i.UsageFault_Handler  stm32f10x_it.o
    0x08003f62   0x08003f62   0x0000000e   Code   RO         3220    i._is_digit         c_w.l(__printf_wp.o)
    0x08003f70   0x08003f70   0x00000002   Code   RO          870    i._sys_exit         usart.o
    0x08003f72   0x08003f72   0x00000002   PAD
    0x08003f74   0x08003f74   0x00000048   Code   RO          769    i.delay_init        delay.o
    0x08003fbc   0x08003fbc   0x00000038   Code   RO          770    i.delay_ms          delay.o
    0x08003ff4   0x08003ff4   0x00000034   Code   RO          771    i.delay_us          delay.o
    0x08004028   0x08004028   0x00000018   Code   RO          871    i.fputc             usart.o
    0x08004040   0x08004040   0x000000ec   Code   RO            1    i.key_task          main.o
    0x0800412c   0x0800412c   0x00000058   Code   RO            2    i.main              main.o
    0x08004184   0x08004184   0x00000070   Code   RO         2569    i.prvAddCurrentTaskToDelayedList  tasks.o
    0x080041f4   0x080041f4   0x000000d0   Code   RO         2570    i.prvAddNewTaskToReadyList  tasks.o
    0x080042c4   0x080042c4   0x00000050   Code   RO         2925    i.prvCheckForValidListAndQueue  timers.o
    0x08004314   0x08004314   0x00000054   Code   RO         2571    i.prvCheckTasksWaitingTermination  tasks.o
    0x08004368   0x08004368   0x00000026   Code   RO         2348    i.prvCopyDataFromQueue  queue.o
    0x0800438e   0x0800438e   0x0000006c   Code   RO         2349    i.prvCopyDataToQueue  queue.o
    0x080043fa   0x080043fa   0x00000014   Code   RO         2572    i.prvDeleteTCB      tasks.o
    0x0800440e   0x0800440e   0x00000002   PAD
    0x08004410   0x08004410   0x0000004c   Code   RO         3045    i.prvHeapInit       heap_4.o
    0x0800445c   0x0800445c   0x00000028   Code   RO         2573    i.prvIdleTask       tasks.o
    0x08004484   0x08004484   0x000000c0   Code   RO         2574    i.prvInitialiseNewTask  tasks.o
    0x08004544   0x08004544   0x0000004c   Code   RO         3046    i.prvInsertBlockIntoFreeList  heap_4.o
    0x08004590   0x08004590   0x00000038   Code   RO         2926    i.prvInsertTimerInActiveList  timers.o
    0x080045c8   0x080045c8   0x0000001a   Code   RO         2350    i.prvIsQueueEmpty   queue.o
    0x080045e2   0x080045e2   0x00000002   PAD
    0x080045e4   0x080045e4   0x00000090   Code   RO         2351    i.prvNotifyQueueSetContainer  queue.o
    0x08004674   0x08004674   0x00000060   Code   RO         2927    i.prvProcessExpiredTimer  timers.o
    0x080046d4   0x080046d4   0x000000f0   Code   RO         2928    i.prvProcessReceivedCommands  timers.o
    0x080047c4   0x080047c4   0x0000006c   Code   RO         2929    i.prvProcessTimerOrBlockTask  timers.o
    0x08004830   0x08004830   0x00000020   Code   RO         2576    i.prvResetNextTaskUnblockTime  tasks.o
    0x08004850   0x08004850   0x00000028   Code   RO         2930    i.prvSampleTimeNow  timers.o
    0x08004878   0x08004878   0x0000006c   Code   RO         2931    i.prvSwitchTimerLists  timers.o
    0x080048e4   0x080048e4   0x00000014   Code   RO         2577    i.prvTaskCheckFreeStackSpace  tasks.o
    0x080048f8   0x080048f8   0x00000064   Code   RO         3095    i.prvTaskExitError  port.o
    0x0800495c   0x0800495c   0x00000028   Code   RO         2932    i.prvTimerTask      timers.o
    0x08004984   0x08004984   0x00000078   Code   RO         2352    i.prvUnlockQueue    queue.o
    0x080049fc   0x080049fc   0x00000114   Code   RO         3047    i.pvPortMalloc      heap_4.o
    0x08004b10   0x08004b10   0x00000018   Code   RO         2579    i.pvTaskIncrementMutexHeldCount  tasks.o
    0x08004b28   0x08004b28   0x00000024   Code   RO         3096    i.pxPortInitialiseStack  port.o
    0x08004b4c   0x08004b4c   0x00000140   Code   RO            3    i.query_task        main.o
    0x08004c8c   0x08004c8c   0x000001c4   Code   RO            4    i.start_task        main.o
    0x08004e50   0x08004e50   0x000003a0   Code   RO            5    i.task1_display     main.o
    0x080051f0   0x080051f0   0x0000002c   Code   RO            6    i.task3_get_data    main.o
    0x0800521c   0x0800521c   0x00000080   Code   RO            7    i.task4_Alarm       main.o
    0x0800529c   0x0800529c   0x000000a4   Code   RO          872    i.uart_init         usart.o
    0x08005340   0x08005340   0x00000024   Code   RO         2311    i.uxListRemove      list.o
    0x08005364   0x08005364   0x00000010   Code   RO         2582    i.uxTaskGetStackHighWaterMark  tasks.o
    0x08005374   0x08005374   0x00000016   Code   RO         2312    i.vListInitialise   list.o
    0x0800538a   0x0800538a   0x00000006   Code   RO         2313    i.vListInitialiseItem  list.o
    0x08005390   0x08005390   0x00000030   Code   RO         2314    i.vListInsert       list.o
    0x080053c0   0x080053c0   0x00000018   Code   RO         2315    i.vListInsertEnd    list.o
    0x080053d8   0x080053d8   0x00000078   Code   RO         3098    i.vPortEnterCritical  port.o
    0x08005450   0x08005450   0x00000064   Code   RO         3099    i.vPortExitCritical  port.o
    0x080054b4   0x080054b4   0x0000009c   Code   RO         3048    i.vPortFree         heap_4.o
    0x08005550   0x08005550   0x00000020   Code   RO         3100    i.vPortSetupTimerInterrupt  port.o
    0x08005570   0x08005570   0x0000008c   Code   RO         3101    i.vPortValidateInterruptPriority  port.o
    0x080055fc   0x080055fc   0x00000024   Code   RO         2358    i.vQueueAddToRegistry  queue.o
    0x08005620   0x08005620   0x00000044   Code   RO         2362    i.vQueueWaitForMessageRestricted  queue.o
    0x08005664   0x08005664   0x0000006c   Code   RO         2588    i.vTaskDelay        tasks.o
    0x080056d0   0x080056d0   0x000000cc   Code   RO         2590    i.vTaskDelete       tasks.o
    0x0800579c   0x0800579c   0x0000000c   Code   RO         2594    i.vTaskMissedYield  tasks.o
    0x080057a8   0x080057a8   0x00000054   Code   RO         2596    i.vTaskPlaceOnEventList  tasks.o
    0x080057fc   0x080057fc   0x0000005c   Code   RO         2597    i.vTaskPlaceOnEventListRestricted  tasks.o
    0x08005858   0x08005858   0x00000084   Code   RO         2599    i.vTaskPriorityInherit  tasks.o
    0x080058dc   0x080058dc   0x00000048   Code   RO         2603    i.vTaskSetTimeOutState  tasks.o
    0x08005924   0x08005924   0x00000094   Code   RO         2604    i.vTaskStartScheduler  tasks.o
    0x080059b8   0x080059b8   0x00000010   Code   RO         2606    i.vTaskSuspendAll   tasks.o
    0x080059c8   0x080059c8   0x0000007c   Code   RO         2607    i.vTaskSwitchContext  tasks.o
    0x08005a44   0x08005a44   0x00000078   Code   RO         3102    i.xPortStartScheduler  port.o
    0x08005abc   0x08005abc   0x0000002c   Code   RO         3103    i.xPortSysTickHandler  port.o
    0x08005ae8   0x08005ae8   0x00000078   Code   RO         2367    i.xQueueGenericCreate  queue.o
    0x08005b60   0x08005b60   0x00000184   Code   RO         2368    i.xQueueGenericReceive  queue.o
    0x08005ce4   0x08005ce4   0x000000a8   Code   RO         2369    i.xQueueGenericReset  queue.o
    0x08005d8c   0x08005d8c   0x00000188   Code   RO         2370    i.xQueueGenericSend  queue.o
    0x08005f14   0x08005f14   0x000000e0   Code   RO         2371    i.xQueueGenericSendFromISR  queue.o
    0x08005ff4   0x08005ff4   0x00000088   Code   RO         2608    i.xTaskCheckForTimeOut  tasks.o
    0x0800607c   0x0800607c   0x00000056   Code   RO         2609    i.xTaskCreate       tasks.o
    0x080060d2   0x080060d2   0x00000002   PAD
    0x080060d4   0x080060d4   0x0000001c   Code   RO         2613    i.xTaskGetSchedulerState  tasks.o
    0x080060f0   0x080060f0   0x0000000c   Code   RO         2614    i.xTaskGetTickCount  tasks.o
    0x080060fc   0x080060fc   0x000000e8   Code   RO         2616    i.xTaskIncrementTick  tasks.o
    0x080061e4   0x080061e4   0x000000b4   Code   RO         2619    i.xTaskPriorityDisinherit  tasks.o
    0x08006298   0x08006298   0x00000098   Code   RO         2620    i.xTaskRemoveFromEventList  tasks.o
    0x08006330   0x08006330   0x000000e4   Code   RO         2622    i.xTaskResumeAll    tasks.o
    0x08006414   0x08006414   0x00000074   Code   RO         2935    i.xTimerCreate      timers.o
    0x08006488   0x08006488   0x00000074   Code   RO         2936    i.xTimerCreateTimerTask  timers.o
    0x080064fc   0x080064fc   0x00000090   Code   RO         2937    i.xTimerGenericCommand  timers.o
    0x0800658c   0x0800658c   0x000000c4   Code   RO         3250    x$fpl$fadd          fz_ws.l(faddsub_clz.o)
    0x08006650   0x08006650   0x00000018   Code   RO         3294    x$fpl$fcmpinf       fz_ws.l(fcmpi.o)
    0x08006668   0x08006668   0x00000184   Code   RO         3257    x$fpl$fdiv          fz_ws.l(fdiv.o)
    0x080067ec   0x080067ec   0x00000036   Code   RO         3260    x$fpl$ffix          fz_ws.l(ffix.o)
    0x08006822   0x08006822   0x00000002   PAD
    0x08006824   0x08006824   0x00000030   Code   RO         3265    x$fpl$fflt          fz_ws.l(fflt_clz.o)
    0x08006854   0x08006854   0x00000026   Code   RO         3264    x$fpl$ffltu         fz_ws.l(fflt_clz.o)
    0x0800687a   0x0800687a   0x00000002   PAD
    0x0800687c   0x0800687c   0x00000068   Code   RO         3270    x$fpl$fleqf         fz_ws.l(fleqf.o)
    0x080068e4   0x080068e4   0x00000102   Code   RO         3272    x$fpl$fmul          fz_ws.l(fmul.o)
    0x080069e6   0x080069e6   0x0000008c   Code   RO         3296    x$fpl$fnaninf       fz_ws.l(fnaninf.o)
    0x08006a72   0x08006a72   0x0000000a   Code   RO         3298    x$fpl$fretinf       fz_ws.l(fretinf.o)
    0x08006a7c   0x08006a7c   0x00000062   Code   RO         3274    x$fpl$frleqf        fz_ws.l(frleqf.o)
    0x08006ade   0x08006ade   0x00000014   Code   RO         3251    x$fpl$frsb          fz_ws.l(faddsub_clz.o)
    0x08006af2   0x08006af2   0x00000002   PAD
    0x08006af4   0x08006af4   0x000000ea   Code   RO         3252    x$fpl$fsub          fz_ws.l(faddsub_clz.o)
    0x08006bde   0x08006bde   0x00000000   Code   RO         3300    x$fpl$usenofp       fz_ws.l(usenofp.o)
    0x08006bde   0x08006bde   0x00000a64   Data   RO          455    .constdata          lcd.o
    0x08007642   0x08007642   0x00000028   Data   RO         3193    .constdata          c_w.l(_printf_hex_int.o)
    0x0800766a   0x0800766a   0x00000011   Data   RO         3223    .constdata          c_w.l(__printf_flags_wp.o)
    0x0800767b   0x0800767b   0x00000001   PAD
    0x0800767c   0x0800767c   0x00000020   Data   RO         3455    Region$$Table       anon$$obj.o


    Execution Region ER_RW (Exec base: 0x20000000, Load base: 0x0800769c, Size: 0x00000118, Max: 0xffffffff, ABSOLUTE)

    Exec Addr    Load Addr    Size         Type   Attr      Idx    E Section Name        Object

    0x20000000   0x0800769c   0x0000006a   Data   RW            9    .data               main.o
    0x2000006a   0x08007706   0x00000002   PAD
    0x2000006c   0x08007708   0x00000014   Data   RW          354    .data               system_stm32f10x.o
    0x20000080   0x0800771c   0x00000004   Data   RW          456    .data               lcd.o
    0x20000084   0x08007720   0x00000004   Data   RW          773    .data               delay.o
    0x20000088   0x08007724   0x00000002   Data   RW          874    .data               usart.o
    0x2000008a   0x08007726   0x00000002   PAD
    0x2000008c   0x08007728   0x00000004   Data   RW          875    .data               usart.o
    0x20000090   0x0800772c   0x00000014   Data   RW         1140    .data               stm32f10x_rcc.o
    0x200000a4   0x08007740   0x0000003c   Data   RW         2625    .data               tasks.o
    0x200000e0   0x0800777c   0x00000014   Data   RW         2945    .data               timers.o
    0x200000f4   0x08007790   0x00000018   Data   RW         3053    .data               heap_4.o
    0x2000010c   0x080077a8   0x0000000c   Data   RW         3104    .data               port.o


    Execution Region ER_ZI (Exec base: 0x20000118, Load base: 0x080077b4, Size: 0x00005a88, Max: 0xffffffff, ABSOLUTE)

    Exec Addr    Load Addr    Size         Type   Attr      Idx    E Section Name        Object

    0x20000118        -       0x0000000e   Zero   RW          454    .bss                lcd.o
    0x20000126        -       0x000000c8   Zero   RW          873    .bss                usart.o
    0x200001ee   0x080077b4   0x00000002   PAD
    0x200001f0        -       0x00000040   Zero   RW         2382    .bss                queue.o
    0x20000230        -       0x000002e4   Zero   RW         2624    .bss                tasks.o
    0x20000514        -       0x00000028   Zero   RW         2944    .bss                timers.o
    0x2000053c        -       0x00005000   Zero   RW         3052    .bss                heap_4.o
    0x2000553c        -       0x00000060   Zero   RW         3333    .bss                c_w.l(libspace.o)
    0x2000559c   0x080077b4   0x00000004   PAD
    0x200055a0        -       0x00000200   Zero   RW          928    HEAP                startup_stm32f10x_hd.o
    0x200057a0        -       0x00000400   Zero   RW          927    STACK               startup_stm32f10x_hd.o


==============================================================================

Image component sizes


      Code (inc. data)   RO Data    RW Data    ZI Data      Debug   Object Name

        56          6          0          0          0        492   beep.o
       200         20          0          4          0      12325   delay.o
       390         30          0          0          0       3512   dht22.o
         0          0          0          0          0      10292   event_groups.o
       426         34          0          0          0       2612   exti.o
       584        138          0         24      20480       3919   heap_4.o
        72         10          0          0          0        491   key.o
     10454        144       2660          4         14      19866   lcd.o
        80         10          0          0          0     207415   led.o
       136          0          0          0          0       2938   list.o
      2196        882          0        106          0     225778   main.o
       144         16          0          0          0       2041   misc.o
       956          4          0          0          0       2617   number.o
       842        312          0         12          0       9945   port.o
      1832        236          0          0         64      15241   queue.o
        64         26        304          0       1536        792   startup_stm32f10x_hd.o
       124         10          0          0          0       1541   stm32f10x_exti.o
       232          6          0          0          0       1853   stm32f10x_fsmc.o
       218          6          0          0          0       4310   stm32f10x_gpio.o
        12          0          0          0          0      33441   stm32f10x_it.o
       220         34          0         20          0       5034   stm32f10x_rcc.o
       310          6          0          0          0       5126   stm32f10x_usart.o
         0          0          0          0          0         32   sys.o
       248         24          0         20          0       1681   system_stm32f10x.o
      2794        674          0         60        740      29505   tasks.o
      1144        260          0         20         40       9446   timers.o
       290         28          0          6        200       4132   usart.o

    ----------------------------------------------------------------------
     24046       2916       2996        280      23076     616377   Object Totals
         0          0         32          0          0          0   (incl. Generated)
        22          0          0          4          2          0   (incl. Padding)

    ----------------------------------------------------------------------

      Code (inc. data)   RO Data    RW Data    ZI Data      Debug   Library Member Name

         8          0          0          0          0         68   __main.o
       312          4         17          0          0         92   __printf_flags_wp.o
        14          0          0          0          0         68   __printf_wp.o
         0          0          0          0          0          0   __rtentry.o
        12          0          0          0          0          0   __rtentry2.o
         6          0          0          0          0          0   __rtentry4.o
        52          8          0          0          0          0   __scatter.o
        26          0          0          0          0          0   __scatter_copy.o
        28          0          0          0          0          0   __scatter_zi.o
        44          0          0          0          0        108   _printf_char.o
        48          6          0          0          0         96   _printf_char_common.o
        36          4          0          0          0         80   _printf_char_file.o
         6          0          0          0          0          0   _printf_d.o
       120         16          0          0          0         92   _printf_dec.o
        88          4         40          0          0         88   _printf_hex_int.o
       178          0          0          0          0         88   _printf_intcommon.o
         0          0          0          0          0          0   _printf_percent.o
         4          0          0          0          0          0   _printf_percent_end.o
         6          0          0          0          0          0   _printf_s.o
        82          0          0          0          0         80   _printf_str.o
         6          0          0          0          0          0   _printf_x.o
        16          0          0          0          0         68   aeabi_memset.o
        18          0          0          0          0         80   exit.o
         8          0          0          0          0         68   ferror.o
         6          0          0          0          0        152   heapauxi.o
         2          0          0          0          0          0   libinit.o
         2          0          0          0          0          0   libinit2.o
         2          0          0          0          0          0   libshutdown.o
         2          0          0          0          0          0   libshutdown2.o
         8          4          0          0         96         68   libspace.o
        24          4          0          0          0         84   noretval__2printf.o
        68          0          0          0          0         68   rt_memclr.o
        78          0          0          0          0         80   rt_memclr_w.o
       138          0          0          0          0         68   rt_memcpy_v6.o
       100          0          0          0          0         80   rt_memcpy_w.o
         2          0          0          0          0          0   rtexit.o
        10          0          0          0          0          0   rtexit2.o
        74          0          0          0          0         80   sys_stackheap_outer.o
         2          0          0          0          0         68   use_no_semi.o
         2          0          0          0          0         68   use_no_semi_2.o
       450          8          0          0          0        236   faddsub_clz.o
        24          0          0          0          0         68   fcmpi.o
       388         76          0          0          0         96   fdiv.o
        54          4          0          0          0         84   ffix.o
        86          0          0          0          0        136   fflt_clz.o
       104          4          0          0          0         84   fleqf.o
       258          4          0          0          0         84   fmul.o
       140          4          0          0          0         84   fnaninf.o
        10          0          0          0          0         68   fretinf.o
        98          0          0          0          0         68   frleqf.o
         0          0          0          0          0          0   usenofp.o

    ----------------------------------------------------------------------
      3264        150         58          0        100       2900   Library Totals
        14          0          1          0          4          0   (incl. Padding)

    ----------------------------------------------------------------------

      Code (inc. data)   RO Data    RW Data    ZI Data      Debug   Library Name

      1638         50         57          0         96       1892   c_w.l
      1612        100          0          0          0       1008   fz_ws.l

    ----------------------------------------------------------------------
      3264        150         58          0        100       2900   Library Totals

    ----------------------------------------------------------------------

==============================================================================


      Code (inc. data)   RO Data    RW Data    ZI Data      Debug   

     27310       3066       3054        280      23176     610537   Grand Totals
     27310       3066       3054        280      23176     610537   ELF Image Totals
     27310       3066       3054        280          0          0   ROM Totals

==============================================================================

    Total RO  Size (Code + RO Data)                30364 (  29.65kB)
    Total RW  Size (RW Data + ZI Data)             23456 (  22.91kB)
    Total ROM Size (Code + RO Data + RW Data)      30644 (  29.93kB)

==============================================================================

